Component: ARM Compiler 5.06 update 5 (build 528) Tool: armlink [4d35e2]

==============================================================================

Section Cross References

    startup_stm32f10x_md.o(STACK) refers (Special) to heapauxi.o(.text) for __use_two_region_memory
    startup_stm32f10x_md.o(HEAP) refers (Special) to heapauxi.o(.text) for __use_two_region_memory
    startup_stm32f10x_md.o(RESET) refers (Special) to heapauxi.o(.text) for __use_two_region_memory
    startup_stm32f10x_md.o(RESET) refers to startup_stm32f10x_md.o(STACK) for __initial_sp
    startup_stm32f10x_md.o(RESET) refers to startup_stm32f10x_md.o(.text) for Reset_Handler
    startup_stm32f10x_md.o(RESET) refers to stm32f10x_it.o(i.NMI_Handler) for NMI_Handler
    startup_stm32f10x_md.o(RESET) refers to stm32f10x_it.o(i.HardFault_Handler) for HardFault_Handler
    startup_stm32f10x_md.o(RESET) refers to stm32f10x_it.o(i.MemManage_Handler) for MemManage_Handler
    startup_stm32f10x_md.o(RESET) refers to stm32f10x_it.o(i.BusFault_Handler) for BusFault_Handler
    startup_stm32f10x_md.o(RESET) refers to stm32f10x_it.o(i.UsageFault_Handler) for UsageFault_Handler
    startup_stm32f10x_md.o(RESET) refers to stm32f10x_it.o(i.SVC_Handler) for SVC_Handler
    startup_stm32f10x_md.o(RESET) refers to stm32f10x_it.o(i.DebugMon_Handler) for DebugMon_Handler
    startup_stm32f10x_md.o(RESET) refers to stm32f10x_it.o(i.PendSV_Handler) for PendSV_Handler
    startup_stm32f10x_md.o(RESET) refers to stm32f10x_it.o(i.SysTick_Handler) for SysTick_Handler
    startup_stm32f10x_md.o(RESET) refers to timer.o(i.TIM2_IRQHandler) for TIM2_IRQHandler
    startup_stm32f10x_md.o(RESET) refers to esp_usart.o(i.USART2_IRQHandler) for USART2_IRQHandler
    startup_stm32f10x_md.o(.text) refers (Special) to heapauxi.o(.text) for __use_two_region_memory
    startup_stm32f10x_md.o(.text) refers to system_stm32f10x.o(i.SystemInit) for SystemInit
    startup_stm32f10x_md.o(.text) refers to __main.o(!!!main) for __main
    startup_stm32f10x_md.o(.text) refers to startup_stm32f10x_md.o(HEAP) for Heap_Mem
    startup_stm32f10x_md.o(.text) refers to startup_stm32f10x_md.o(STACK) for Stack_Mem
    system_stm32f10x.o(i.SetSysClock) refers to system_stm32f10x.o(i.SetSysClockTo72) for SetSysClockTo72
    system_stm32f10x.o(i.SystemCoreClockUpdate) refers to system_stm32f10x.o(.data) for SystemCoreClock
    system_stm32f10x.o(i.SystemInit) refers to system_stm32f10x.o(i.SetSysClock) for SetSysClock
    stm32f10x_adc.o(i.ADC_DeInit) refers to stm32f10x_rcc.o(i.RCC_APB2PeriphResetCmd) for RCC_APB2PeriphResetCmd
    stm32f10x_bkp.o(i.BKP_DeInit) refers to stm32f10x_rcc.o(i.RCC_BackupResetCmd) for RCC_BackupResetCmd
    stm32f10x_can.o(i.CAN_DeInit) refers to stm32f10x_rcc.o(i.RCC_APB1PeriphResetCmd) for RCC_APB1PeriphResetCmd
    stm32f10x_can.o(i.CAN_GetITStatus) refers to stm32f10x_can.o(i.CheckITStatus) for CheckITStatus
    stm32f10x_cec.o(i.CEC_DeInit) refers to stm32f10x_rcc.o(i.RCC_APB1PeriphResetCmd) for RCC_APB1PeriphResetCmd
    stm32f10x_dac.o(i.DAC_DeInit) refers to stm32f10x_rcc.o(i.RCC_APB1PeriphResetCmd) for RCC_APB1PeriphResetCmd
    stm32f10x_flash.o(i.FLASH_EnableWriteProtection) refers to stm32f10x_flash.o(i.FLASH_WaitForLastOperation) for FLASH_WaitForLastOperation
    stm32f10x_flash.o(i.FLASH_EraseAllBank1Pages) refers to stm32f10x_flash.o(i.FLASH_WaitForLastBank1Operation) for FLASH_WaitForLastBank1Operation
    stm32f10x_flash.o(i.FLASH_EraseAllPages) refers to stm32f10x_flash.o(i.FLASH_WaitForLastOperation) for FLASH_WaitForLastOperation
    stm32f10x_flash.o(i.FLASH_EraseOptionBytes) refers to stm32f10x_flash.o(i.FLASH_GetReadOutProtectionStatus) for FLASH_GetReadOutProtectionStatus
    stm32f10x_flash.o(i.FLASH_EraseOptionBytes) refers to stm32f10x_flash.o(i.FLASH_WaitForLastOperation) for FLASH_WaitForLastOperation
    stm32f10x_flash.o(i.FLASH_ErasePage) refers to stm32f10x_flash.o(i.FLASH_WaitForLastOperation) for FLASH_WaitForLastOperation
    stm32f10x_flash.o(i.FLASH_ProgramHalfWord) refers to stm32f10x_flash.o(i.FLASH_WaitForLastOperation) for FLASH_WaitForLastOperation
    stm32f10x_flash.o(i.FLASH_ProgramOptionByteData) refers to stm32f10x_flash.o(i.FLASH_WaitForLastOperation) for FLASH_WaitForLastOperation
    stm32f10x_flash.o(i.FLASH_ProgramWord) refers to stm32f10x_flash.o(i.FLASH_WaitForLastOperation) for FLASH_WaitForLastOperation
    stm32f10x_flash.o(i.FLASH_ReadOutProtection) refers to stm32f10x_flash.o(i.FLASH_WaitForLastOperation) for FLASH_WaitForLastOperation
    stm32f10x_flash.o(i.FLASH_UserOptionByteConfig) refers to stm32f10x_flash.o(i.FLASH_WaitForLastOperation) for FLASH_WaitForLastOperation
    stm32f10x_flash.o(i.FLASH_WaitForLastBank1Operation) refers to stm32f10x_flash.o(i.FLASH_GetBank1Status) for FLASH_GetBank1Status
    stm32f10x_flash.o(i.FLASH_WaitForLastOperation) refers to stm32f10x_flash.o(i.FLASH_GetBank1Status) for FLASH_GetBank1Status
[...]
    .ARM.Collect$$rtentry$$00000009          0x080001a0   Section        0  __rtentry2.o(.ARM.Collect$$rtentry$$00000009)
    .ARM.Collect$$rtentry$$0000000A          0x080001a0   Section        4  __rtentry2.o(.ARM.Collect$$rtentry$$0000000A)
    .ARM.Collect$$rtentry$$0000000C          0x080001a4   Section        0  __rtentry2.o(.ARM.Collect$$rtentry$$0000000C)
    .ARM.Collect$$rtentry$$0000000D          0x080001a4   Section        8  __rtentry2.o(.ARM.Collect$$rtentry$$0000000D)
    .ARM.Collect$$rtexit$$00000000           0x080001ac   Section        2  rtexit.o(.ARM.Collect$$rtexit$$00000000)
    .ARM.Collect$$rtexit$$00000002           0x080001ae   Section        0  rtexit2.o(.ARM.Collect$$rtexit$$00000002)
    .ARM.Collect$$rtexit$$00000003           0x080001ae   Section        4  rtexit2.o(.ARM.Collect$$rtexit$$00000003)
    .ARM.Collect$$rtexit$$00000004           0x080001b2   Section        6  rtexit2.o(.ARM.Collect$$rtexit$$00000004)
    .text                                    0x080001b8   Section       64  startup_stm32f10x_md.o(.text)
    .text                                    0x080001f8   Section        0  noretval__2snprintf.o(.text)
    .text                                    0x0800022c   Section        0  _printf_pad.o(.text)
    .text                                    0x0800027a   Section        0  _printf_str.o(.text)
    .text                                    0x080002cc   Section        0  _printf_dec.o(.text)
    .text                                    0x08000344   Section        0  __printf_flags_wp.o(.text)
    .text                                    0x0800047c   Section        0  atoi.o(.text)
    .text                                    0x08000496   Section        0  strchr.o(.text)
    .text                                    0x080004aa   Section        0  strstr.o(.text)
    .text                                    0x080004ce   Section        0  strlen.o(.text)
    .text                                    0x0800050c   Section      100  rt_memcpy_w.o(.text)
    .text                                    0x08000570   Section       86  strncpy.o(.text)
    .text                                    0x080005c8   Section      128  strcmpv7m.o(.text)
    .text                                    0x08000648   Section        0  heapauxi.o(.text)
    .text                                    0x08000650   Section        8  rt_errno_addr_intlibspace.o(.text)
    .text                                    0x08000658   Section        0  _printf_intcommon.o(.text)
    .text                                    0x0800070a   Section        0  _printf_fp_dec.o(.text)
    _fp_digits                               0x0800070d   Thumb Code   432  _printf_fp_dec.o(.text)
    .text                                    0x08000b28   Section        0  _printf_char_common.o(.text)
    _printf_input_char                       0x08000b29   Thumb Code    10  _printf_char_common.o(.text)
    .text                                    0x08000b58   Section        0  _sputc.o(.text)
    .text                                    0x08000b62   Section        0  _snputc.o(.text)
    .text                                    0x08000b72   Section        0  _printf_char.o(.text)
    .text                                    0x08000b9e   Section        0  strtol.o(.text)
    .text                                    0x08000c0e   Section       68  rt_memclr.o(.text)
    .text                                    0x08000c54   Section        8  libspace.o(.text)
    .text                                    0x08000c5c   Section       16  rt_ctype_table.o(.text)
    .text                                    0x08000c6c   Section        8  rt_locale_intlibspace.o(.text)
    .text                                    0x08000c74   Section      138  lludiv10.o(.text)
    .text                                    0x08000d00   Section        0  _printf_fp_infnan.o(.text)
    .text                                    0x08000d80   Section        0  _strtoul.o(.text)
    .text                                    0x08000e20   Section        0  bigflt0.o(.text)
    .text                                    0x08000f04   Section       78  rt_memclr_w.o(.text)
    .text                                    0x08000f52   Section       74  sys_stackheap_outer.o(.text)
    .text                                    0x08000f9c   Section        0  _chval.o(.text)
    .text                                    0x08000fb8   Section        0  exit.o(.text)
    .text                                    0x08000fcc   Section        0  sys_exit.o(.text)
    .text                                    0x08000fd8   Section        2  use_no_semi.o(.text)
    .text                                    0x08000fda   Section        0  indicate_semi.o(.text)
    CL$$btod_d2e                             0x08000fda   Section       62  btod.o(CL$$btod_d2e)
    CL$$btod_d2e_denorm_low                  0x08001018   Section       70  btod.o(CL$$btod_d2e_denorm_low)
    CL$$btod_d2e_norm_op1                    0x0800105e   Section       96  btod.o(CL$$btod_d2e_norm_op1)
    CL$$btod_div_common                      0x080010be   Section      824  btod.o(CL$$btod_div_common)
    CL$$btod_e2e                             0x080013f6   Section      220  btod.o(CL$$btod_e2e)
    CL$$btod_ediv                            0x080014d2   Section       42  btod.o(CL$$btod_ediv)
    CL$$btod_emul                            0x080014fc   Section       42  btod.o(CL$$btod_emul)
    CL$$btod_mult_common                     0x08001526   Section      580  btod.o(CL$$btod_mult_common)
    i.BKP_DeInit                             0x0800176a   Section        0  stm32f10x_bkp.o(i.BKP_DeInit)
    i.BusFault_Handler                       0x0800177a   Section        0  stm32f10x_it.o(i.BusFault_Handler)
    i.DebugMon_Handler                       0x0800177e   Section        0  stm32f10x_it.o(i.DebugMon_Handler)
    i.GPIO_Init                              0x08001780   Section        0  stm32f10x_gpio.o(i.GPIO_Init)
    i.GPIO_ReadInputDataBit                  0x08001896   Section        0  stm32f10x_gpio.o(i.GPIO_ReadInputDataBit)
    i.GPIO_ResetBits                         0x080018a8   Section        0  stm32f10x_gpio.o(i.GPIO_ResetBits)
    i.GPIO_SetBits                           0x080018ac   Section        0  stm32f10x_gpio.o(i.GPIO_SetBits)
    i.Gui_DrawFont_ASCII8x16                 0x080018b0   Section        0  gui.o(i.Gui_DrawFont_ASCII8x16)
    i.Gui_DrawFont_GBK16                     0x08001930   Section        0  gui.o(i.Gui_DrawFont_GBK16)
    i.Gui_DrawFont_GBK24                     0x08001ac4   Section        0  gui.o(i.Gui_DrawFont_GBK24)
    i.Gui_DrawFont_Num24x48                  0x08001cb4   Section        0  gui.o(i.Gui_DrawFont_Num24x48)
    i.Gui_DrawPoint                          0x08001db8   Section        0  lcd_driver.o(i.Gui_DrawPoint)
    i.Gui_DrawString_8x16                    0x08001dd8   Section        0  gui.o(i.Gui_DrawString_8x16)
    i.Gui_showimage                          0x08001e0a   Section        0  gui.o(i.Gui_showimage)
    i.HardFault_Handler                      0x08001e56   Section        0  stm32f10x_it.o(i.HardFault_Handler)
    i.LCD_GPIO_Init                          0x08001e5c   Section        0  lcd_driver.o(i.LCD_GPIO_Init)
    i.LCD_WriteData_16Bit                    0x08001eb0   Section        0  lcd_driver.o(i.LCD_WriteData_16Bit)
    i.Lcd_Clear                              0x08001ee0   Section        0  lcd_driver.o(i.Lcd_Clear)
    i.Lcd_Init                               0x08001f12   Section        0  lcd_driver.o(i.Lcd_Init)
    i.Lcd_Reset                              0x08002134   Section        0  lcd_driver.o(i.Lcd_Reset)
    i.Lcd_SetRegion                          0x08002158   Section        0  lcd_driver.o(i.Lcd_SetRegion)
    i.Lcd_WriteData                          0x080021ac   Section        0  lcd_driver.o(i.Lcd_WriteData)
    i.Lcd_WriteIndex                         0x080021d4   Section        0  lcd_driver.o(i.Lcd_WriteIndex)
    i.MemManage_Handler                      0x080021fc   Section        0  stm32f10x_it.o(i.MemManage_Handler)
    i.NMI_Handler                            0x08002200   Section        0  stm32f10x_it.o(i.NMI_Handler)
    i.NVIC_Init                              0x08002204   Section        0  misc.o(i.NVIC_Init)
    i.PWR_BackupAccessCmd                    0x08002274   Section        0  stm32f10x_pwr.o(i.PWR_BackupAccessCmd)
    i.PendSV_Handler                         0x08002280   Section        0  stm32f10x_it.o(i.PendSV_Handler)
    i.RCC_AHBPeriphClockCmd                  0x08002284   Section        0  stm32f10x_rcc.o(i.RCC_AHBPeriphClockCmd)
    i.RCC_APB1PeriphClockCmd                 0x080022a4   Section        0  stm32f10x_rcc.o(i.RCC_APB1PeriphClockCmd)
    i.RCC_APB2PeriphClockCmd                 0x080022c4   Section        0  stm32f10x_rcc.o(i.RCC_APB2PeriphClockCmd)
    i.RCC_BackupResetCmd                     0x080022e4   Section        0  stm32f10x_rcc.o(i.RCC_BackupResetCmd)
    i.RCC_GetClocksFreq                      0x080022f0   Section        0  stm32f10x_rcc.o(i.RCC_GetClocksFreq)
    i.RCC_GetFlagStatus                      0x080023c4   Section        0  stm32f10x_rcc.o(i.RCC_GetFlagStatus)
    i.RCC_LSEConfig                          0x08002400   Section        0  stm32f10x_rcc.o(i.RCC_LSEConfig)
    i.RCC_RTCCLKCmd                          0x08002434   Section        0  stm32f10x_rcc.o(i.RCC_RTCCLKCmd)
    i.RCC_RTCCLKConfig                       0x08002440   Section        0  stm32f10x_rcc.o(i.RCC_RTCCLKConfig)
    i.RTC_EnterConfigMode                    0x08002450   Section        0  stm32f10x_rtc.o(i.RTC_EnterConfigMode)
    i.RTC_ExitConfigMode                     0x08002464   Section        0  stm32f10x_rtc.o(i.RTC_ExitConfigMode)
    i.RTC_GetCounter                         0x08002478   Section        0  stm32f10x_rtc.o(i.RTC_GetCounter)
    i.RTC_SetCounter                         0x0800248c   Section        0  stm32f10x_rtc.o(i.RTC_SetCounter)
    i.RTC_SetPrescaler                       0x080024a8   Section        0  stm32f10x_rtc.o(i.RTC_SetPrescaler)
    i.RTC_WaitForLastTask                    0x080024c8   Section        0  stm32f10x_rtc.o(i.RTC_WaitForLastTask)
    i.RTC_WaitForSynchro                     0x080024dc   Section        0  stm32f10x_rtc.o(i.RTC_WaitForSynchro)
    i.SPI_WriteData                          0x08002500   Section        0  lcd_driver.o(i.SPI_WriteData)
    i.SVC_Handler                            0x0800253c   Section        0  stm32f10x_it.o(i.SVC_Handler)
    i.SetSysClock                            0x0800253e   Section        0  system_stm32f10x.o(i.SetSysClock)
    SetSysClock                              0x0800253f   Thumb Code     8  system_stm32f10x.o(i.SetSysClock)
    i.SetSysClockTo72                        0x08002548   Section        0  system_stm32f10x.o(i.SetSysClockTo72)
    SetSysClockTo72                          0x08002549   Thumb Code   214  system_stm32f10x.o(i.SetSysClockTo72)
    i.SysTick_Handler                        0x08002628   Section        0  stm32f10x_it.o(i.SysTick_Handler)
    i.SystemInit                             0x0800262c   Section        0  system_stm32f10x.o(i.SystemInit)
    i.TIM2_IRQHandler                        0x0800268c   Section        0  timer.o(i.TIM2_IRQHandler)
    i.TIM_ClearITPendingBit                  0x080026b4   Section        0  stm32f10x_tim.o(i.TIM_ClearITPendingBit)
    i.TIM_Cmd                                0x080026ba   Section        0  stm32f10x_tim.o(i.TIM_Cmd)
    i.TIM_GetITStatus                        0x080026d2   Section        0  stm32f10x_tim.o(i.TIM_GetITStatus)
    i.TIM_ITConfig                           0x080026f4   Section        0  stm32f10x_tim.o(i.TIM_ITConfig)
    i.TIM_TimeBaseInit                       0x08002708   Section        0  stm32f10x_tim.o(i.TIM_TimeBaseInit)
    i.USART2_IRQHandler                      0x080027ac   Section        0  esp_usart.o(i.USART2_IRQHandler)
    i.USART_Cmd                              0x080027e0   Section        0  stm32f10x_usart.o(i.USART_Cmd)
    i.USART_GetFlagStatus                    0x080027f8   Section        0  stm32f10x_usart.o(i.USART_GetFlagStatus)
    i.USART_GetITStatus                      0x08002812   Section        0  stm32f10x_usart.o(i.USART_GetITStatus)
    i.USART_ITConfig                         0x08002866   Section        0  stm32f10x_usart.o(i.USART_ITConfig)
    i.USART_Init                             0x080028b0   Section        0  stm32f10x_usart.o(i.USART_Init)
    i.USART_ReceiveData                      0x08002988   Section        0  stm32f10x_usart.o(i.USART_ReceiveData)
    i.USART_SendData                         0x08002992   Section        0  stm32f10x_usart.o(i.USART_SendData)
    i.UsageFault_Handler                     0x0800299a   Section        0  stm32f10x_it.o(i.UsageFault_Handler)
    i.__ARM_fpclassify                       0x0800299e   Section        0  fpclassify.o(i.__ARM_fpclassify)
    i._is_digit                              0x080029c6   Section        0  __printf_wp.o(i._is_digit)
    i.board_lowlevel_init                    0x080029d4   Section        0  board.o(i.board_lowlevel_init)
    i.delay_ms                               0x08002a4c   Section        0  delay.o(i.delay_ms)
    i.delay_us                               0x08002a64   Section        0  delay.o(i.delay_us)
    i.esp_at_get_http                        0x08002aa4   Section        0  esp_at.o(i.esp_at_get_http)
    i.esp_at_get_time                        0x08002aec   Section        0  esp_at.o(i.esp_at_get_time)
    i.esp_at_init                            0x08002b40   Section        0  esp_at.o(i.esp_at_init)
    i.esp_at_reset                           0x08002b60   Section        0  esp_at.o(i.esp_at_reset)
    i.esp_at_send_command                    0x08002bd0   Section        0  esp_at.o(i.esp_at_send_command)
    i.esp_at_sntp_init                       0x08002c48   Section        0  esp_at.o(i.esp_at_sntp_init)
    i.esp_at_wifi_connect                    0x08002cbc   Section        0  esp_at.o(i.esp_at_wifi_connect)
    i.esp_at_wifi_init                       0x08002d00   Section        0  esp_at.o(i.esp_at_wifi_init)
    i.esp_usart_init                         0x08002d28   Section        0  esp_usart.o(i.esp_usart_init)
    i.esp_usart_receive_register             0x08002dc4   Section        0  esp_usart.o(i.esp_usart_receive_register)
    i.esp_usart_write_data                   0x08002dd0   Section        0  esp_usart.o(i.esp_usart_write_data)
    i.esp_usart_write_string                 0x08002e00   Section        0  esp_usart.o(i.esp_usart_write_string)
    i.i2c_delay                              0x08002e16   Section        0  swi2c.o(i.i2c_delay)
    i2c_delay                                0x08002e17   Thumb Code    10  swi2c.o(i.i2c_delay)
    i.i2c_read_byte                          0x08002e20   Section        0  swi2c.o(i.i2c_read_byte)
    i2c_read_byte                            0x08002e21   Thumb Code   128  swi2c.o(i.i2c_read_byte)
    i.i2c_start                              0x08002ea4   Section        0  swi2c.o(i.i2c_start)
    i2c_start                                0x08002ea5   Thumb Code    44  swi2c.o(i.i2c_start)
    i.i2c_stop                               0x08002ed4   Section        0  swi2c.o(i.i2c_stop)
    i2c_stop                                 0x08002ed5   Thumb Code    40  swi2c.o(i.i2c_stop)
    i.i2c_write_byte                         0x08002f00   Section        0  swi2c.o(i.i2c_write_byte)
    i2c_write_byte                           0x08002f01   Thumb Code   130  swi2c.o(i.i2c_write_byte)
    i.main                                   0x08002f88   Section        0  main.o(i.main)
    i.mpu6050_read_temper                    0x0800338c   Section        0  mpu6050.o(i.mpu6050_read_temper)
    i.on_usart_received                      0x080033c8   Section        0  esp_at.o(i.on_usart_received)
    on_usart_received                        0x080033c9   Thumb Code   206  esp_at.o(i.on_usart_received)
    i.rtc_get_date                           0x080034a8   Section        0  rtc.o(i.rtc_get_date)
    i.rtc_init                               0x080034be   Section        0  rtc.o(i.rtc_init)
    i.rtc_set_timestamp                      0x080034e4   Section        0  rtc.o(i.rtc_set_timestamp)
    i.swi2c_read                             0x080034f8   Section        0  swi2c.o(i.swi2c_read)
    i.timer_elapsed_callback                 0x0800355c   Section        0  main.o(i.timer_elapsed_callback)
    timer_elapsed_callback                   0x0800355d   Thumb Code    28  main.o(i.timer_elapsed_callback)
    i.timer_elapsed_register                 0x08003580   Section        0  timer.o(i.timer_elapsed_register)
    i.timer_init                             0x0800358c   Section        0  timer.o(i.timer_init)
    i.timer_start                            0x080035dc   Section        0  timer.o(i.timer_start)
    i.ts_to_date                             0x080035e8   Section        0  rtc.o(i.ts_to_date)
    i.weather_parse                          0x080036d0   Section        0  weather.o(i.weather_parse)
    i.wifi_init                              0x08003770   Section        0  main.o(i.wifi_init)
    wifi_init                                0x08003771   Thumb Code   316  main.o(i.wifi_init)
    locale$$code                             0x08003904   Section       44  lc_numeric_c.o(locale$$code)
    locale$$code                             0x08003930   Section       44  lc_ctype_c.o(locale$$code)
    x$fpl$dretinf                            0x0800395c   Section       12  dretinf.o(x$fpl$dretinf)
    x$fpl$f2d                                0x08003968   Section       86  f2d.o(x$fpl$f2d)
    x$fpl$fadd                               0x080039c0   Section      196  faddsub_clz.o(x$fpl$fadd)
    _fadd1                                   0x080039cf   Thumb Code     0  faddsub_clz.o(x$fpl$fadd)
    x$fpl$fdiv                               0x08003a84   Section      388  fdiv.o(x$fpl$fdiv)
    _fdiv1                                   0x08003a85   Thumb Code     0  fdiv.o(x$fpl$fdiv)
    x$fpl$fflt                               0x08003c08   Section       48  fflt_clz.o(x$fpl$fflt)
    x$fpl$fnaninf                            0x08003c38   Section      140  fnaninf.o(x$fpl$fnaninf)
    x$fpl$fretinf                            0x08003cc4   Section       10  fretinf.o(x$fpl$fretinf)
    x$fpl$fsub                               0x08003cd0   Section      234  faddsub_clz.o(x$fpl$fsub)
    _fsub1                                   0x08003cdf   Thumb Code     0  faddsub_clz.o(x$fpl$fsub)
    x$fpl$printf1                            0x08003dba   Section        4  printf1.o(x$fpl$printf1)
    .constdata                               0x08003dbe   Section    29696  main.o(.constdata)
    x$fpl$usenofp                            0x08003dbe   Section        0  usenofp.o(x$fpl$usenofp)
    duoyun_map                               0x080045be   Data        4608  main.o(.constdata)
    feng_map                                 0x080057be   Data        4608  main.o(.constdata)
    qing_map                                 0x080069be   Data        4608  main.o(.constdata)
    xue_map                                  0x08007bbe   Data        4608  main.o(.constdata)
    yin_map                                  0x08008dbe   Data        4608  main.o(.constdata)
    yu_map                                   0x08009fbe   Data        4608  main.o(.constdata)
    .constdata                               0x0800b1c0   Section       48  rtc.o(.constdata)
    .constdata                               0x0800b1f0   Section     4216  gui.o(.constdata)
    .constdata                               0x0800c268   Section       17  __printf_flags_wp.o(.constdata)
    maptable                                 0x0800c268   Data          17  __printf_flags_wp.o(.constdata)
    .constdata                               0x0800c27c   Section      148  bigflt0.o(.constdata)
    tenpwrs_x                                0x0800c27c   Data          60  bigflt0.o(.constdata)
    tenpwrs_i                                0x0800c2b8   Data          64  bigflt0.o(.constdata)
    .conststring                             0x0800c310   Section      126  main.o(.conststring)
    locale$$data                             0x0800c3b0   Section       28  lc_numeric_c.o(locale$$data)
    __lcnum_c_name                           0x0800c3b4   Data           2  lc_numeric_c.o(locale$$data)
    __lcnum_c_start                          0x0800c3bc   Data           0  lc_numeric_c.o(locale$$data)
    __lcnum_c_point                          0x0800c3c8   Data           0  lc_numeric_c.o(locale$$data)
    __lcnum_c_thousands                      0x0800c3ca   Data           0  lc_numeric_c.o(locale$$data)
    __lcnum_c_grouping                       0x0800c3cb   Data           0  lc_numeric_c.o(locale$$data)
    locale$$data                             0x0800c3cc   Section      272  lc_ctype_c.o(locale$$data)
    __lcnum_c_end                            0x0800c3cc   Data           0  lc_numeric_c.o(locale$$data)
    __lcctype_c_name                         0x0800c3d0   Data           2  lc_ctype_c.o(locale$$data)
    __lcctype_c_start                        0x0800c3d8   Data           0  lc_ctype_c.o(locale$$data)
    __lcctype_c_end                          0x0800c4dc   Data           0  lc_ctype_c.o(locale$$data)
    .data                                    0x20000000   Section       20  system_stm32f10x.o(.data)
    .data                                    0x20000014   Section       20  stm32f10x_rcc.o(.data)
    APBAHBPrescTable                         0x20000014   Data          16  stm32f10x_rcc.o(.data)
    ADCPrescTable                            0x20000024   Data           4  stm32f10x_rcc.o(.data)
    .data                                    0x20000028   Section       20  main.o(.data)
    wifi_ssid                                0x20000028   Data           4  main.o(.data)
    wifi_password                            0x2000002c   Data           4  main.o(.data)
    weather_uri                              0x20000030   Data           4  main.o(.data)
    runms                                    0x20000034   Data           4  main.o(.data)
    height                                   0x20000038   Data           4  main.o(.data)
    .data                                    0x2000003c   Section        6  esp_at.o(.data)
    rxlen                                    0x2000003c   Data           4  esp_at.o(.data)
    rxready                                  0x20000040   Data           1  esp_at.o(.data)
    rxresult                                 0x20000041   Data           1  esp_at.o(.data)
    .data                                    0x20000044   Section        4  esp_usart.o(.data)
    esp_usart_receive_callback               0x20000044   Data           4  esp_usart.o(.data)
    .data                                    0x20000048   Section        4  timer.o(.data)
    timer_elapsed_callback                   0x20000048   Data           4  timer.o(.data)
    .bss                                     0x2000004c   Section     4096  esp_at.o(.bss)
    rxdata                                   0x2000004c   Data        4096  esp_at.o(.bss)
    .bss                                     0x2000104c   Section       96  libspace.o(.bss)
    HEAP                                     0x200010b0   Section      512  startup_stm32f10x_md.o(HEAP)
    Heap_Mem                                 0x200010b0   Data         512  startup_stm32f10x_md.o(HEAP)
    STACK                                    0x200012b0   Section     1024  startup_stm32f10x_md.o(STACK)
    Stack_Mem                                0x200012b0   Data        1024  startup_stm32f10x_md.o(STACK)
    __initial_sp                             0x200016b0   Data           0  startup_stm32f10x_md.o(STACK)

    Global Symbols

    Symbol Name                              Value     Ov Type        Size  Object(Section)

    BuildAttributes$$THM_ISAv4$P$D$K$B$S$PE$A:L22UL41UL21$X:L11$S22US41US21$IEEE1$IW$USESV6$~STKCKD$USESV7$~SHL$OTIME$ROPI$IEEEJ$EBA8$UX$STANDARDLIB$REQ8$PRES8$EABIv2 0x00000000   Number         0  anon$$obj.o ABSOLUTE
    __ARM_use_no_argv                        0x00000000   Number         0  main.o ABSOLUTE
    _printf_flags                            0x00000000   Number         0  printf_stubs.o ABSOLUTE
    _printf_return_value                     0x00000000   Number         0  printf_stubs.o ABSOLUTE
    _printf_sizespec                         0x00000000   Number         0  printf_stubs.o ABSOLUTE
    _printf_widthprec                        0x00000000   Number         0  printf_stubs.o ABSOLUTE
    __ARM_exceptions_init                     - Undefined Weak Reference
    __alloca_initialize                       - Undefined Weak Reference
    __arm_preinit_                            - Undefined Weak Reference
    __cpp_initialize__aeabi_                  - Undefined Weak Reference
    __cxa_finalize                            - Undefined Weak Reference
    __sigvec_lookup                           - Undefined Weak Reference
    _atexit_init                              - Undefined Weak Reference
    _call_atexit_fns                          - Undefined Weak Reference
    _clock_init                               - Undefined Weak Reference
    _fp_trap_init                             - Undefined Weak Reference
    _fp_trap_shutdown                         - Undefined Weak Reference
    _get_lc_collate                           - Undefined Weak Reference
    _get_lc_monetary                          - Undefined Weak Reference
    _get_lc_time                              - Undefined Weak Reference
    _getenv_init                              - Undefined Weak Reference
    _handle_redirection                       - Undefined Weak Reference
    _init_alloc                               - Undefined Weak Reference
    _init_user_alloc                          - Undefined Weak Reference
    _initio                                   - Undefined Weak Reference
    _printf_mbtowc                            - Undefined Weak Reference
    _printf_truncate_signed                   - Undefined Weak Reference
    _printf_truncate_unsigned                 - Undefined Weak Reference
    _rand_init                                - Undefined Weak Reference
    _signal_finish                            - Undefined Weak Reference
    _signal_init                              - Undefined Weak Reference
    _terminate_alloc                          - Undefined Weak Reference
    _terminate_user_alloc                     - Undefined Weak Reference
    _terminateio                              - Undefined Weak Reference
    __Vectors_Size                           0x000000ec   Number         0  startup_stm32f10x_md.o ABSOLUTE
    __Vectors                                0x08000000   Data           4  startup_stm32f10x_md.o(RESET)
    __Vectors_End                            0x080000ec   Data           0  startup_stm32f10x_md.o(RESET)
    __main                                   0x080000ed   Thumb Code     8  __main.o(!!!main)
    __scatterload                            0x080000f5   Thumb Code     0  __scatter.o(!!!scatter)
    __scatterload_rt2                        0x080000f5   Thumb Code    44  __scatter.o(!!!scatter)
    __scatterload_rt2_thumb_only             0x080000f5   Thumb Code     0  __scatter.o(!!!scatter)
    __scatterload_null                       0x08000103   Thumb Code     0  __scatter.o(!!!scatter)
    __scatterload_copy                       0x08000129   Thumb Code    26  __scatter_copy.o(!!handler_copy)
    __scatterload_zeroinit                   0x08000145   Thumb Code    28  __scatter_zi.o(!!handler_zi)
    _printf_f                                0x08000161   Thumb Code     0  _printf_f.o(.ARM.Collect$$_printf_percent$$00000003)
    _printf_percent                          0x08000161   Thumb Code     0  _printf_percent.o(.ARM.Collect$$_printf_percent$$00000000)
    _printf_d                                0x08000167   Thumb Code     0  _printf_d.o(.ARM.Collect$$_printf_percent$$00000009)
    _printf_s                                0x0800016d   Thumb Code     0  _printf_s.o(.ARM.Collect$$_printf_percent$$00000014)
    _printf_percent_end                      0x08000173   Thumb Code     0  _printf_percent_end.o(.ARM.Collect$$_printf_percent$$00000017)
    __rt_lib_init                            0x08000177   Thumb Code     0  libinit.o(.ARM.Collect$$libinit$$00000000)
    __rt_lib_init_fp_1                       0x08000179   Thumb Code     0  libinit2.o(.ARM.Collect$$libinit$$00000002)
    __rt_lib_init_heap_1                     0x08000179   Thumb Code     0  libinit2.o(.ARM.Collect$$libinit$$0000000A)
    __rt_lib_init_lc_common                  0x08000179   Thumb Code     0  libinit2.o(.ARM.Collect$$libinit$$0000000F)
    __rt_lib_init_preinit_1                  0x08000179   Thumb Code     0  libinit2.o(.ARM.Collect$$libinit$$00000004)
    __rt_lib_init_rand_1                     0x08000179   Thumb Code     0  libinit2.o(.ARM.Collect$$libinit$$0000000E)
    __rt_lib_init_user_alloc_1               0x08000179   Thumb Code     0  libinit2.o(.ARM.Collect$$libinit$$0000000C)
    __rt_lib_init_lc_collate_1               0x0800017f   Thumb Code     0  libinit2.o(.ARM.Collect$$libinit$$00000011)
    __rt_lib_init_lc_ctype_2                 0x0800017f   Thumb Code     0  libinit2.o(.ARM.Collect$$libinit$$00000012)
    __rt_lib_init_lc_ctype_1                 0x0800018b   Thumb Code     0  libinit2.o(.ARM.Collect$$libinit$$00000013)
    __rt_lib_init_lc_monetary_1              0x0800018b   Thumb Code     0  libinit2.o(.ARM.Collect$$libinit$$00000015)
    __rt_lib_init_lc_numeric_2               0x0800018b   Thumb Code     0  libinit2.o(.ARM.Collect$$libinit$$00000016)
    __rt_lib_init_alloca_1                   0x08000195   Thumb Code     0  libinit2.o(.ARM.Collect$$libinit$$0000002E)
    __rt_lib_init_argv_1                     0x08000195   Thumb Code     0  libinit2.o(.ARM.Collect$$libinit$$0000002C)
    __rt_lib_init_atexit_1                   0x08000195   Thumb Code     0  libinit2.o(.ARM.Collect$$libinit$$0000001B)
    __rt_lib_init_clock_1                    0x08000195   Thumb Code     0  libinit2.o(.ARM.Collect$$libinit$$00000021)
    __rt_lib_init_cpp_1                      0x08000195   Thumb Code     0  libinit2.o(.ARM.Collect$$libinit$$00000032)
    __rt_lib_init_exceptions_1               0x08000195   Thumb Code     0  libinit2.o(.ARM.Collect$$libinit$$00000030)
    __rt_lib_init_fp_trap_1                  0x08000195   Thumb Code     0  libinit2.o(.ARM.Collect$$libinit$$0000001F)
    __rt_lib_init_getenv_1                   0x08000195   Thumb Code     0  libinit2.o(.ARM.Collect$$libinit$$00000023)
    __rt_lib_init_lc_numeric_1               0x08000195   Thumb Code     0  libinit2.o(.ARM.Collect$$libinit$$00000017)
    __rt_lib_init_lc_time_1                  0x08000195   Thumb Code     0  libinit2.o(.ARM.Collect$$libinit$$00000019)
    __rt_lib_init_return                     0x08000195   Thumb Code     0  libinit2.o(.ARM.Collect$$libinit$$00000033)
    __rt_lib_init_signal_1                   0x08000195   Thumb Code     0  libinit2.o(.ARM.Collect$$libinit$$0000001D)
    __rt_lib_init_stdio_1                    0x08000195   Thumb Code     0  libinit2.o(.ARM.Collect$$libinit$$00000025)
    __rt_lib_shutdown                        0x08000197   Thumb Code     0  libshutdown.o(.ARM.Collect$$libshutdown$$00000000)
    __rt_lib_shutdown_cpp_1                  0x08000199   Thumb Code     0  libshutdown2.o(.ARM.Collect$$libshutdown$$00000002)
    __rt_lib_shutdown_fp_trap_1              0x08000199   Thumb Code     0  libshutdown2.o(.ARM.Collect$$libshutdown$$00000007)
    __rt_lib_shutdown_heap_1                 0x08000199   Thumb Code     0  libshutdown2.o(.ARM.Collect$$libshutdown$$0000000F)
    __rt_lib_shutdown_return                 0x08000199   Thumb Code     0  libshutdown2.o(.ARM.Collect$$libshutdown$$00000010)
    __rt_lib_shutdown_signal_1               0x08000199   Thumb Code     0  libshutdown2.o(.ARM.Collect$$libshutdown$$0000000A)
    __rt_lib_shutdown_stdio_1                0x08000199   Thumb Code     0  libshutdown2.o(.ARM.Collect$$libshutdown$$00000004)
    __rt_lib_shutdown_user_alloc_1           0x08000199   Thumb Code     0  libshutdown2.o(.ARM.Collect$$libshutdown$$0000000C)
    __rt_entry                               0x0800019b   Thumb Code     0  __rtentry.o(.ARM.Collect$$rtentry$$00000000)
    __rt_entry_presh_1                       0x0800019b   Thumb Code     0  __rtentry2.o(.ARM.Collect$$rtentry$$00000002)
    __rt_entry_sh                            0x0800019b   Thumb Code     0  __rtentry4.o(.ARM.Collect$$rtentry$$00000004)
    __rt_entry_li                            0x080001a1   Thumb Code     0  __rtentry2.o(.ARM.Collect$$rtentry$$0000000A)
    __rt_entry_postsh_1                      0x080001a1   Thumb Code     0  __rtentry2.o(.ARM.Collect$$rtentry$$00000009)
    __rt_entry_main                          0x080001a5   Thumb Code     0  __rtentry2.o(.ARM.Collect$$rtentry$$0000000D)
    __rt_entry_postli_1                      0x080001a5   Thumb Code     0  __rtentry2.o(.ARM.Collect$$rtentry$$0000000C)
    __rt_exit                                0x080001ad   Thumb Code     0  rtexit.o(.ARM.Collect$$rtexit$$00000000)
    __rt_exit_ls                             0x080001af   Thumb Code     0  rtexit2.o(.ARM.Collect$$rtexit$$00000003)
    __rt_exit_prels_1                        0x080001af   Thumb Code     0  rtexit2.o(.ARM.Collect$$rtexit$$00000002)
    __rt_exit_exit                           0x080001b3   Thumb Code     0  rtexit2.o(.ARM.Collect$$rtexit$$00000004)
    Reset_Handler                            0x080001b9   Thumb Code     8  startup_stm32f10x_md.o(.text)
    ADC1_2_IRQHandler                        0x080001d3   Thumb Code     0  startup_stm32f10x_md.o(.text)
    CAN1_RX1_IRQHandler                      0x080001d3   Thumb Code     0  startup_stm32f10x_md.o(.text)
    CAN1_SCE_IRQHandler                      0x080001d3   Thumb Code     0  startup_stm32f10x_md.o(.text)
    DMA1_Channel1_IRQHandler                 0x080001d3   Thumb Code     0  startup_stm32f10x_md.o(.text)
    DMA1_Channel2_IRQHandler                 0x080001d3   Thumb Code     0  startup_stm32f10x_md.o(.text)
    DMA1_Channel3_IRQHandler                 0x080001d3   Thumb Code     0  startup_stm32f10x_md.o(.text)
    DMA1_Channel4_IRQHandler                 0x080001d3   Thumb Code     0  startup_stm32f10x_md.o(.text)
    DMA1_Channel5_IRQHandler                 0x080001d3   Thumb Code     0  startup_stm32f10x_md.o(.text)
    DMA1_Channel6_IRQHandler                 0x080001d3   Thumb Code     0  startup_stm32f10x_md.o(.text)
    DMA1_Channel7_IRQHandler                 0x080001d3   Thumb Code     0  startup_stm32f10x_md.o(.text)
    EXTI0_IRQHandler                         0x080001d3   Thumb Code     0  startup_stm32f10x_md.o(.text)
    EXTI15_10_IRQHandler                     0x080001d3   Thumb Code     0  startup_stm32f10x_md.o(.text)
    EXTI1_IRQHandler                         0x080001d3   Thumb Code     0  startup_stm32f10x_md.o(.text)
    EXTI2_IRQHandler                         0x080001d3   Thumb Code     0  startup_stm32f10x_md.o(.text)
    EXTI3_IRQHandler                         0x080001d3   Thumb Code     0  startup_stm32f10x_md.o(.text)
    EXTI4_IRQHandler                         0x080001d3   Thumb Code     0  startup_stm32f10x_md.o(.text)
    EXTI9_5_IRQHandler                       0x080001d3   Thumb Code     0  startup_stm32f10x_md.o(.text)
    FLASH_IRQHandler                         0x080001d3   Thumb Code     0  startup_stm32f10x_md.o(.text)
    I2C1_ER_IRQHandler                       0x080001d3   Thumb Code     0  startup_stm32f10x_md.o(.text)
    I2C1_EV_IRQHandler                       0x080001d3   Thumb Code     0  startup_stm32f10x_md.o(.text)
    I2C2_ER_IRQHandler                       0x080001d3   Thumb Code     0  startup_stm32f10x_md.o(.text)
    I2C2_EV_IRQHandler                       0x080001d3   Thumb Code     0  startup_stm32f10x_md.o(.text)
    PVD_IRQHandler                           0x080001d3   Thumb Code     0  startup_stm32f10x_md.o(.text)
    RCC_IRQHandler                           0x080001d3   Thumb Code     0  startup_stm32f10x_md.o(.text)
    RTCAlarm_IRQHandler                      0x080001d3   Thumb Code     0  startup_stm32f10x_md.o(.text)
    RTC_IRQHandler                           0x080001d3   Thumb Code     0  startup_stm32f10x_md.o(.text)
    SPI1_IRQHandler                          0x080001d3   Thumb Code     0  startup_stm32f10x_md.o(.text)
    SPI2_IRQHandler                          0x080001d3   Thumb Code     0  startup_stm32f10x_md.o(.text)
    TAMPER_IRQHandler                        0x080001d3   Thumb Code     0  startup_stm32f10x_md.o(.text)
    TIM1_BRK_IRQHandler                      0x080001d3   Thumb Code     0  startup_stm32f10x_md.o(.text)
    TIM1_CC_IRQHandler                       0x080001d3   Thumb Code     0  startup_stm32f10x_md.o(.text)
    TIM1_TRG_COM_IRQHandler                  0x080001d3   Thumb Code     0  startup_stm32f10x_md.o(.text)
    TIM1_UP_IRQHandler                       0x080001d3   Thumb Code     0  startup_stm32f10x_md.o(.text)
    TIM3_IRQHandler                          0x080001d3   Thumb Code     0  startup_stm32f10x_md.o(.text)
    TIM4_IRQHandler                          0x080001d3   Thumb Code     0  startup_stm32f10x_md.o(.text)
    USART1_IRQHandler                        0x080001d3   Thumb Code     0  startup_stm32f10x_md.o(.text)
    USART3_IRQHandler                        0x080001d3   Thumb Code     0  startup_stm32f10x_md.o(.text)
    USBWakeUp_IRQHandler                     0x080001d3   Thumb Code     0  startup_stm32f10x_md.o(.text)
    USB_HP_CAN1_TX_IRQHandler                0x080001d3   Thumb Code     0  startup_stm32f10x_md.o(.text)
    USB_LP_CAN1_RX0_IRQHandler               0x080001d3   Thumb Code     0  startup_stm32f10x_md.o(.text)
    WWDG_IRQHandler                          0x080001d3   Thumb Code     0  startup_stm32f10x_md.o(.text)
    __user_initial_stackheap                 0x080001d5   Thumb Code     0  startup_stm32f10x_md.o(.text)
    __2snprintf                              0x080001f9   Thumb Code    48  noretval__2snprintf.o(.text)
    _printf_pre_padding                      0x0800022d   Thumb Code    44  _printf_pad.o(.text)
    _printf_post_padding                     0x08000259   Thumb Code    34  _printf_pad.o(.text)
    _printf_str                              0x0800027b   Thumb Code    82  _printf_str.o(.text)
    _printf_int_dec                          0x080002cd   Thumb Code   104  _printf_dec.o(.text)
    __printf                                 0x08000345   Thumb Code   308  __printf_flags_wp.o(.text)
    atoi                                     0x0800047d   Thumb Code    26  atoi.o(.text)
    strchr                                   0x08000497   Thumb Code    20  strchr.o(.text)
    strstr                                   0x080004ab   Thumb Code    36  strstr.o(.text)
    strlen                                   0x080004cf   Thumb Code    62  strlen.o(.text)
    __aeabi_memcpy4                          0x0800050d   Thumb Code     0  rt_memcpy_w.o(.text)
    __aeabi_memcpy8                          0x0800050d   Thumb Code     0  rt_memcpy_w.o(.text)
    __rt_memcpy_w                            0x0800050d   Thumb Code   100  rt_memcpy_w.o(.text)
    _memcpy_lastbytes_aligned                0x08000555   Thumb Code     0  rt_memcpy_w.o(.text)
    strncpy                                  0x08000571   Thumb Code    86  strncpy.o(.text)
    strcmp                                   0x080005c9   Thumb Code   128  strcmpv7m.o(.text)
    __use_two_region_memory                  0x08000649   Thumb Code     2  heapauxi.o(.text)
    __rt_heap_escrow$2region                 0x0800064b   Thumb Code     2  heapauxi.o(.text)
    __rt_heap_expand$2region                 0x0800064d   Thumb Code     2  heapauxi.o(.text)
    __aeabi_errno_addr                       0x08000651   Thumb Code     8  rt_errno_addr_intlibspace.o(.text)
    __errno$intlibspace                      0x08000651   Thumb Code     0  rt_errno_addr_intlibspace.o(.text)
    __rt_errno_addr$intlibspace              0x08000651   Thumb Code     0  rt_errno_addr_intlibspace.o(.text)
    _printf_int_common                       0x08000659   Thumb Code   178  _printf_intcommon.o(.text)
    __lib_sel_fp_printf                      0x0800070b   Thumb Code     2  _printf_fp_dec.o(.text)
    _printf_fp_dec_real                      0x080008bd   Thumb Code   620  _printf_fp_dec.o(.text)
    _printf_char_common                      0x08000b33   Thumb Code    32  _printf_char_common.o(.text)
    _sputc                                   0x08000b59   Thumb Code    10  _sputc.o(.text)
    _snputc                                  0x08000b63   Thumb Code    16  _snputc.o(.text)
    _printf_cs_common                        0x08000b73   Thumb Code    20  _printf_char.o(.text)
    _printf_char                             0x08000b87   Thumb Code    16  _printf_char.o(.text)
    _printf_string                           0x08000b97   Thumb Code     8  _printf_char.o(.text)
    strtol                                   0x08000b9f   Thumb Code   112  strtol.o(.text)
    __aeabi_memclr                           0x08000c0f   Thumb Code     0  rt_memclr.o(.text)
    __rt_memclr                              0x08000c0f   Thumb Code    68  rt_memclr.o(.text)
    _memset                                  0x08000c13   Thumb Code     0  rt_memclr.o(.text)
    __user_libspace                          0x08000c55   Thumb Code     8  libspace.o(.text)
    __user_perproc_libspace                  0x08000c55   Thumb Code     0  libspace.o(.text)
    __user_perthread_libspace                0x08000c55   Thumb Code     0  libspace.o(.text)
    __rt_ctype_table                         0x08000c5d   Thumb Code    16  rt_ctype_table.o(.text)
    __rt_locale                              0x08000c6d   Thumb Code     8  rt_locale_intlibspace.o(.text)
    _ll_udiv10                               0x08000c75   Thumb Code   138  lludiv10.o(.text)
    _printf_fp_infnan                        0x08000d01   Thumb Code   112  _printf_fp_infnan.o(.text)
    _strtoul                                 0x08000d81   Thumb Code   158  _strtoul.o(.text)
    _btod_etento                             0x08000e21   Thumb Code   224  bigflt0.o(.text)
    __aeabi_memclr4                          0x08000f05   Thumb Code     0  rt_memclr_w.o(.text)
    __aeabi_memclr8                          0x08000f05   Thumb Code     0  rt_memclr_w.o(.text)
    __rt_memclr_w                            0x08000f05   Thumb Code    78  rt_memclr_w.o(.text)
    _memset_w                                0x08000f09   Thumb Code     0  rt_memclr_w.o(.text)
    __user_setup_stackheap                   0x08000f53   Thumb Code    74  sys_stackheap_outer.o(.text)
    _chval                                   0x08000f9d   Thumb Code    28  _chval.o(.text)
    exit                                     0x08000fb9   Thumb Code    18  exit.o(.text)
    _sys_exit                                0x08000fcd   Thumb Code     8  sys_exit.o(.text)
    __I$use$semihosting                      0x08000fd9   Thumb Code     0  use_no_semi.o(.text)
    __use_no_semihosting_swi                 0x08000fd9   Thumb Code     2  use_no_semi.o(.text)
    __semihosting_library_function           0x08000fdb   Thumb Code     0  indicate_semi.o(.text)
    _btod_d2e                                0x08000fdb   Thumb Code    62  btod.o(CL$$btod_d2e)
    _d2e_denorm_low                          0x08001019   Thumb Code    70  btod.o(CL$$btod_d2e_denorm_low)
    _d2e_norm_op1                            0x0800105f   Thumb Code    96  btod.o(CL$$btod_d2e_norm_op1)
    __btod_div_common                        0x080010bf   Thumb Code   696  btod.o(CL$$btod_div_common)
    _e2e                                     0x080013f7   Thumb Code   220  btod.o(CL$$btod_e2e)
    _btod_ediv                               0x080014d3   Thumb Code    42  btod.o(CL$$btod_ediv)
    _btod_emul                               0x080014fd   Thumb Code    42  btod.o(CL$$btod_emul)
    __btod_mult_common                       0x08001527   Thumb Code   580  btod.o(CL$$btod_mult_common)
    BKP_DeInit                               0x0800176b   Thumb Code    16  stm32f10x_bkp.o(i.BKP_DeInit)
    BusFault_Handler                         0x0800177b   Thumb Code     4  stm32f10x_it.o(i.BusFault_Handler)
    DebugMon_Handler                         0x0800177f   Thumb Code     2  stm32f10x_it.o(i.DebugMon_Handler)
    GPIO_Init                                0x08001781   Thumb Code   278  stm32f10x_gpio.o(i.GPIO_Init)
    GPIO_ReadInputDataBit                    0x08001897   Thumb Code    18  stm32f10x_gpio.o(i.GPIO_ReadInputDataBit)
    GPIO_ResetBits                           0x080018a9   Thumb Code     4  stm32f10x_gpio.o(i.GPIO_ResetBits)
    GPIO_SetBits                             0x080018ad   Thumb Code     4  stm32f10x_gpio.o(i.GPIO_SetBits)
    Gui_DrawFont_ASCII8x16                   0x080018b1   Thumb Code   122  gui.o(i.Gui_DrawFont_ASCII8x16)
    Gui_DrawFont_GBK16                       0x08001931   Thumb Code   394  gui.o(i.Gui_DrawFont_GBK16)
    Gui_DrawFont_GBK24                       0x08001ac5   Thumb Code   486  gui.o(i.Gui_DrawFont_GBK24)
    Gui_DrawFont_Num24x48                    0x08001cb5   Thumb Code   254  gui.o(i.Gui_DrawFont_Num24x48)
    Gui_DrawPoint                            0x08001db9   Thumb Code    32  lcd_driver.o(i.Gui_DrawPoint)
    Gui_DrawString_8x16                      0x08001dd9   Thumb Code    50  gui.o(i.Gui_DrawString_8x16)
    Gui_showimage                            0x08001e0b   Thumb Code    76  gui.o(i.Gui_showimage)
    HardFault_Handler                        0x08001e57   Thumb Code     4  stm32f10x_it.o(i.HardFault_Handler)
    LCD_GPIO_Init                            0x08001e5d   Thumb Code    74  lcd_driver.o(i.LCD_GPIO_Init)
    LCD_WriteData_16Bit                      0x08001eb1   Thumb Code    38  lcd_driver.o(i.LCD_WriteData_16Bit)
    Lcd_Clear                                0x08001ee1   Thumb Code    50  lcd_driver.o(i.Lcd_Clear)
    Lcd_Init                                 0x08001f13   Thumb Code   546  lcd_driver.o(i.Lcd_Init)
    Lcd_Reset                                0x08002135   Thumb Code    30  lcd_driver.o(i.Lcd_Reset)
    Lcd_SetRegion                            0x08002159   Thumb Code    82  lcd_driver.o(i.Lcd_SetRegion)
    Lcd_WriteData                            0x080021ad   Thumb Code    32  lcd_driver.o(i.Lcd_WriteData)
    Lcd_WriteIndex                           0x080021d5   Thumb Code    32  lcd_driver.o(i.Lcd_WriteIndex)
    MemManage_Handler                        0x080021fd   Thumb Code     4  stm32f10x_it.o(i.MemManage_Handler)
    NMI_Handler                              0x08002201   Thumb Code     2  stm32f10x_it.o(i.NMI_Handler)
    NVIC_Init                                0x08002205   Thumb Code   100  misc.o(i.NVIC_Init)
    PWR_BackupAccessCmd                      0x08002275   Thumb Code     6  stm32f10x_pwr.o(i.PWR_BackupAccessCmd)
    PendSV_Handler                           0x08002281   Thumb Code     2  stm32f10x_it.o(i.PendSV_Handler)
    RCC_AHBPeriphClockCmd                    0x08002285   Thumb Code    26  stm32f10x_rcc.o(i.RCC_AHBPeriphClockCmd)
    RCC_APB1PeriphClockCmd                   0x080022a5   Thumb Code    26  stm32f10x_rcc.o(i.RCC_APB1PeriphClockCmd)
    RCC_APB2PeriphClockCmd                   0x080022c5   Thumb Code    26  stm32f10x_rcc.o(i.RCC_APB2PeriphClockCmd)
    RCC_BackupResetCmd                       0x080022e5   Thumb Code     6  stm32f10x_rcc.o(i.RCC_BackupResetCmd)
    RCC_GetClocksFreq                        0x080022f1   Thumb Code   192  stm32f10x_rcc.o(i.RCC_GetClocksFreq)
    RCC_GetFlagStatus                        0x080023c5   Thumb Code    56  stm32f10x_rcc.o(i.RCC_GetFlagStatus)
    RCC_LSEConfig                            0x08002401   Thumb Code    46  stm32f10x_rcc.o(i.RCC_LSEConfig)
    RCC_RTCCLKCmd                            0x08002435   Thumb Code     6  stm32f10x_rcc.o(i.RCC_RTCCLKCmd)
    RCC_RTCCLKConfig                         0x08002441   Thumb Code    12  stm32f10x_rcc.o(i.RCC_RTCCLKConfig)
    RTC_EnterConfigMode                      0x08002451   Thumb Code    14  stm32f10x_rtc.o(i.RTC_EnterConfigMode)
    RTC_ExitConfigMode                       0x08002465   Thumb Code    16  stm32f10x_rtc.o(i.RTC_ExitConfigMode)
    RTC_GetCounter                           0x08002479   Thumb Code    16  stm32f10x_rtc.o(i.RTC_GetCounter)
    RTC_SetCounter                           0x0800248d   Thumb Code    24  stm32f10x_rtc.o(i.RTC_SetCounter)
    RTC_SetPrescaler                         0x080024a9   Thumb Code    26  stm32f10x_rtc.o(i.RTC_SetPrescaler)
    RTC_WaitForLastTask                      0x080024c9   Thumb Code    16  stm32f10x_rtc.o(i.RTC_WaitForLastTask)
    RTC_WaitForSynchro                       0x080024dd   Thumb Code    30  stm32f10x_rtc.o(i.RTC_WaitForSynchro)
    SPI_WriteData                            0x08002501   Thumb Code    54  lcd_driver.o(i.SPI_WriteData)
    SVC_Handler                              0x0800253d   Thumb Code     2  stm32f10x_it.o(i.SVC_Handler)
    SysTick_Handler                          0x08002629   Thumb Code     2  stm32f10x_it.o(i.SysTick_Handler)
    SystemInit                               0x0800262d   Thumb Code    78  system_stm32f10x.o(i.SystemInit)
    TIM2_IRQHandler                          0x0800268d   Thumb Code    34  timer.o(i.TIM2_IRQHandler)
    TIM_ClearITPendingBit                    0x080026b5   Thumb Code     6  stm32f10x_tim.o(i.TIM_ClearITPendingBit)
    TIM_Cmd                                  0x080026bb   Thumb Code    24  stm32f10x_tim.o(i.TIM_Cmd)
    TIM_GetITStatus                          0x080026d3   Thumb Code    34  stm32f10x_tim.o(i.TIM_GetITStatus)
    TIM_ITConfig                             0x080026f5   Thumb Code    18  stm32f10x_tim.o(i.TIM_ITConfig)
    TIM_TimeBaseInit                         0x08002709   Thumb Code   122  stm32f10x_tim.o(i.TIM_TimeBaseInit)
    USART2_IRQHandler                        0x080027ad   Thumb Code    42  esp_usart.o(i.USART2_IRQHandler)
    USART_Cmd                                0x080027e1   Thumb Code    24  stm32f10x_usart.o(i.USART_Cmd)
    USART_GetFlagStatus                      0x080027f9   Thumb Code    26  stm32f10x_usart.o(i.USART_GetFlagStatus)
    USART_GetITStatus                        0x08002813   Thumb Code    84  stm32f10x_usart.o(i.USART_GetITStatus)
    USART_ITConfig                           0x08002867   Thumb Code    74  stm32f10x_usart.o(i.USART_ITConfig)
    USART_Init                               0x080028b1   Thumb Code   210  stm32f10x_usart.o(i.USART_Init)
    USART_ReceiveData                        0x08002989   Thumb Code    10  stm32f10x_usart.o(i.USART_ReceiveData)
    USART_SendData                           0x08002993   Thumb Code     8  stm32f10x_usart.o(i.USART_SendData)
    UsageFault_Handler                       0x0800299b   Thumb Code     4  stm32f10x_it.o(i.UsageFault_Handler)
    __ARM_fpclassify                         0x0800299f   Thumb Code    40  fpclassify.o(i.__ARM_fpclassify)
    _is_digit                                0x080029c7   Thumb Code    14  __printf_wp.o(i._is_digit)
    board_lowlevel_init                      0x080029d5   Thumb Code   120  board.o(i.board_lowlevel_init)
    delay_ms                                 0x08002a4d   Thumb Code    24  delay.o(i.delay_ms)
    delay_us                                 0x08002a65   Thumb Code    54  delay.o(i.delay_us)
    esp_at_get_http                          0x08002aa5   Thumb Code    50  esp_at.o(i.esp_at_get_http)
    esp_at_get_time                          0x08002aed   Thumb Code    48  esp_at.o(i.esp_at_get_time)
    esp_at_init                              0x08002b41   Thumb Code    24  esp_at.o(i.esp_at_init)
    esp_at_reset                             0x08002b61   Thumb Code    74  esp_at.o(i.esp_at_reset)
    esp_at_send_command                      0x08002bd1   Thumb Code   100  esp_at.o(i.esp_at_send_command)
    esp_at_sntp_init                         0x08002c49   Thumb Code    46  esp_at.o(i.esp_at_sntp_init)
    esp_at_wifi_connect                      0x08002cbd   Thumb Code    48  esp_at.o(i.esp_at_wifi_connect)
    esp_at_wifi_init                         0x08002d01   Thumb Code    26  esp_at.o(i.esp_at_wifi_init)
    esp_usart_init                           0x08002d29   Thumb Code   148  esp_usart.o(i.esp_usart_init)
    esp_usart_receive_register               0x08002dc5   Thumb Code     6  esp_usart.o(i.esp_usart_receive_register)
    esp_usart_write_data                     0x08002dd1   Thumb Code    42  esp_usart.o(i.esp_usart_write_data)
    esp_usart_write_string                   0x08002e01   Thumb Code    22  esp_usart.o(i.esp_usart_write_string)
    main                                     0x08002f89   Thumb Code   788  main.o(i.main)
    mpu6050_read_temper                      0x0800338d   Thumb Code    52  mpu6050.o(i.mpu6050_read_temper)
    rtc_get_date                             0x080034a9   Thumb Code    22  rtc.o(i.rtc_get_date)
    rtc_init                                 0x080034bf   Thumb Code    38  rtc.o(i.rtc_init)
    rtc_set_timestamp                        0x080034e5   Thumb Code    20  rtc.o(i.rtc_set_timestamp)
    swi2c_read                               0x080034f9   Thumb Code   100  swi2c.o(i.swi2c_read)
    timer_elapsed_register                   0x08003581   Thumb Code     6  timer.o(i.timer_elapsed_register)
    timer_init                               0x0800358d   Thumb Code    80  timer.o(i.timer_init)
    timer_start                              0x080035dd   Thumb Code    12  timer.o(i.timer_start)
    ts_to_date                               0x080035e9   Thumb Code   228  rtc.o(i.ts_to_date)
    weather_parse                            0x080036d1   Thumb Code   132  weather.o(i.weather_parse)
    _get_lc_numeric                          0x08003905   Thumb Code    44  lc_numeric_c.o(locale$$code)
    _get_lc_ctype                            0x08003931   Thumb Code    44  lc_ctype_c.o(locale$$code)
    __fpl_dretinf                            0x0800395d   Thumb Code    12  dretinf.o(x$fpl$dretinf)
    __aeabi_f2d                              0x08003969   Thumb Code     0  f2d.o(x$fpl$f2d)
    _f2d                                     0x08003969   Thumb Code    86  f2d.o(x$fpl$f2d)
    __aeabi_fadd                             0x080039c1   Thumb Code     0  faddsub_clz.o(x$fpl$fadd)
    _fadd                                    0x080039c1   Thumb Code   196  faddsub_clz.o(x$fpl$fadd)
    __aeabi_fdiv                             0x08003a85   Thumb Code     0  fdiv.o(x$fpl$fdiv)
    _fdiv                                    0x08003a85   Thumb Code   384  fdiv.o(x$fpl$fdiv)
    __aeabi_i2f                              0x08003c09   Thumb Code     0  fflt_clz.o(x$fpl$fflt)
    _fflt                                    0x08003c09   Thumb Code    48  fflt_clz.o(x$fpl$fflt)
    __fpl_fnaninf                            0x08003c39   Thumb Code   140  fnaninf.o(x$fpl$fnaninf)
    __fpl_fretinf                            0x08003cc5   Thumb Code    10  fretinf.o(x$fpl$fretinf)
    __aeabi_fsub                             0x08003cd1   Thumb Code     0  faddsub_clz.o(x$fpl$fsub)
    _fsub                                    0x08003cd1   Thumb Code   234  faddsub_clz.o(x$fpl$fsub)
    _printf_fp_dec                           0x08003dbb   Thumb Code     4  printf1.o(x$fpl$printf1)
    __I$use$fp                               0x08003dbe   Number         0  usenofp.o(x$fpl$usenofp)
    location_map                             0x08003dbe   Data        2048  main.o(.constdata)
    asc16                                    0x0800b1f0   Data        1537  gui.o(.constdata)
    sz32                                     0x0800b7f1   Data        2049  gui.o(.constdata)
    hz16                                     0x0800bff2   Data         408  gui.o(.constdata)
    hz24                                     0x0800c18a   Data         222  gui.o(.constdata)
    Region$$Table$$Base                      0x0800c390   Number         0  anon$$obj.o(Region$$Table)
    Region$$Table$$Limit                     0x0800c3b0   Number         0  anon$$obj.o(Region$$Table)
    __ctype                                  0x0800c3d9   Data           0  lc_ctype_c.o(locale$$data)
    SystemCoreClock                          0x20000000   Data           4  system_stm32f10x.o(.data)
    AHBPrescTable                            0x20000004   Data          16  system_stm32f10x.o(.data)
    __libspace_start                         0x2000104c   Data          96  libspace.o(.bss)
    __temporary_stack_top$libspace           0x200010ac   Data           0  libspace.o(.bss)



==============================================================================

Memory Map of the image

  Image Entry point : 0x080000ed

  Load Region LR_IROM1 (Base: 0x08000000, Size: 0x0000c528, Max: 0x00010000, ABSOLUTE)

    Execution Region ER_IROM1 (Exec base: 0x08000000, Load base: 0x08000000, Size: 0x0000c4dc, Max: 0x00010000, ABSOLUTE)

    Exec Addr    Load Addr    Size         Type   Attr      Idx    E Section Name        Object

    0x08000000   0x08000000   0x000000ec   Data   RO           19    RESET               startup_stm32f10x_md.o
    0x080000ec   0x080000ec   0x00000008   Code   RO         3922  * !!!main             c_w.l(__main.o)
    0x080000f4   0x080000f4   0x00000034   Code   RO         4182    !!!scatter          c_w.l(__scatter.o)
    0x08000128   0x08000128   0x0000001a   Code   RO         4184    !!handler_copy      c_w.l(__scatter_copy.o)
    0x08000142   0x08000142   0x00000002   PAD
    0x08000144   0x08000144   0x0000001c   Code   RO         4186    !!handler_zi        c_w.l(__scatter_zi.o)
    0x08000160   0x08000160   0x00000000   Code   RO         3905    .ARM.Collect$$_printf_percent$$00000000  c_w.l(_printf_percent.o)
    0x08000160   0x08000160   0x00000006   Code   RO         3904    .ARM.Collect$$_printf_percent$$00000003  c_w.l(_printf_f.o)
    0x08000166   0x08000166   0x00000006   Code   RO         3903    .ARM.Collect$$_printf_percent$$00000009  c_w.l(_printf_d.o)
    0x0800016c   0x0800016c   0x00000006   Code   RO         3902    .ARM.Collect$$_printf_percent$$00000014  c_w.l(_printf_s.o)
    0x08000172   0x08000172   0x00000004   Code   RO         3962    .ARM.Collect$$_printf_percent$$00000017  c_w.l(_printf_percent_end.o)
    0x08000176   0x08000176   0x00000002   Code   RO         4055    .ARM.Collect$$libinit$$00000000  c_w.l(libinit.o)
    0x08000178   0x08000178   0x00000000   Code   RO         4057    .ARM.Collect$$libinit$$00000002  c_w.l(libinit2.o)
    0x08000178   0x08000178   0x00000000   Code   RO         4059    .ARM.Collect$$libinit$$00000004  c_w.l(libinit2.o)
    0x08000178   0x08000178   0x00000000   Code   RO         4062    .ARM.Collect$$libinit$$0000000A  c_w.l(libinit2.o)
    0x08000178   0x08000178   0x00000000   Code   RO         4064    .ARM.Collect$$libinit$$0000000C  c_w.l(libinit2.o)
    0x08000178   0x08000178   0x00000000   Code   RO         4066    .ARM.Collect$$libinit$$0000000E  c_w.l(libinit2.o)
    0x08000178   0x08000178   0x00000006   Code   RO         4067    .ARM.Collect$$libinit$$0000000F  c_w.l(libinit2.o)
    0x0800017e   0x0800017e   0x00000000   Code   RO         4069    .ARM.Collect$$libinit$$00000011  c_w.l(libinit2.o)
    0x0800017e   0x0800017e   0x0000000c   Code   RO         4070    .ARM.Collect$$libinit$$00000012  c_w.l(libinit2.o)
    0x0800018a   0x0800018a   0x00000000   Code   RO         4071    .ARM.Collect$$libinit$$00000013  c_w.l(libinit2.o)
    0x0800018a   0x0800018a   0x00000000   Code   RO         4073    .ARM.Collect$$libinit$$00000015  c_w.l(libinit2.o)
    0x0800018a   0x0800018a   0x0000000a   Code   RO         4074    .ARM.Collect$$libinit$$00000016  c_w.l(libinit2.o)
    0x08000194   0x08000194   0x00000000   Code   RO         4075    .ARM.Collect$$libinit$$00000017  c_w.l(libinit2.o)
    0x08000194   0x08000194   0x00000000   Code   RO         4077    .ARM.Collect$$libinit$$00000019  c_w.l(libinit2.o)
    0x08000194   0x08000194   0x00000000   Code   RO         4079    .ARM.Collect$$libinit$$0000001B  c_w.l(libinit2.o)
    0x08000194   0x08000194   0x00000000   Code   RO         4081    .ARM.Collect$$libinit$$0000001D  c_w.l(libinit2.o)
    0x08000194   0x08000194   0x00000000   Code   RO         4083    .ARM.Collect$$libinit$$0000001F  c_w.l(libinit2.o)
    0x08000194   0x08000194   0x00000000   Code   RO         4085    .ARM.Collect$$libinit$$00000021  c_w.l(libinit2.o)
    0x08000194   0x08000194   0x00000000   Code   RO         4087    .ARM.Collect$$libinit$$00000023  c_w.l(libinit2.o)
    0x08000194   0x08000194   0x00000000   Code   RO         4089    .ARM.Collect$$libinit$$00000025  c_w.l(libinit2.o)
    0x08000194   0x08000194   0x00000000   Code   RO         4093    .ARM.Collect$$libinit$$0000002C  c_w.l(libinit2.o)
    0x08000194   0x08000194   0x00000000   Code   RO         4095    .ARM.Collect$$libinit$$0000002E  c_w.l(libinit2.o)
    0x08000194   0x08000194   0x00000000   Code   RO         4097    .ARM.Collect$$libinit$$00000030  c_w.l(libinit2.o)
    0x08000194   0x08000194   0x00000000   Code   RO         4099    .ARM.Collect$$libinit$$00000032  c_w.l(libinit2.o)
    0x08000194   0x08000194   0x00000002   Code   RO         4100    .ARM.Collect$$libinit$$00000033  c_w.l(libinit2.o)
    0x08000196   0x08000196   0x00000002   Code   RO         4130    .ARM.Collect$$libshutdown$$00000000  c_w.l(libshutdown.o)
    0x08000198   0x08000198   0x00000000   Code   RO         4141    .ARM.Collect$$libshutdown$$00000002  c_w.l(libshutdown2.o)
    0x08000198   0x08000198   0x00000000   Code   RO         4143    .ARM.Collect$$libshutdown$$00000004  c_w.l(libshutdown2.o)
    0x08000198   0x08000198   0x00000000   Code   RO         4146    .ARM.Collect$$libshutdown$$00000007  c_w.l(libshutdown2.o)
    0x08000198   0x08000198   0x00000000   Code   RO         4149    .ARM.Collect$$libshutdown$$0000000A  c_w.l(libshutdown2.o)
    0x08000198   0x08000198   0x00000000   Code   RO         4151    .ARM.Collect$$libshutdown$$0000000C  c_w.l(libshutdown2.o)
    0x08000198   0x08000198   0x00000000   Code   RO         4154    .ARM.Collect$$libshutdown$$0000000F  c_w.l(libshutdown2.o)
    0x08000198   0x08000198   0x00000002   Code   RO         4155    .ARM.Collect$$libshutdown$$00000010  c_w.l(libshutdown2.o)
    0x0800019a   0x0800019a   0x00000000   Code   RO         3944    .ARM.Collect$$rtentry$$00000000  c_w.l(__rtentry.o)
    0x0800019a   0x0800019a   0x00000000   Code   RO         3978    .ARM.Collect$$rtentry$$00000002  c_w.l(__rtentry2.o)
    0x0800019a   0x0800019a   0x00000006   Code   RO         3990    .ARM.Collect$$rtentry$$00000004  c_w.l(__rtentry4.o)
    0x080001a0   0x080001a0   0x00000000   Code   RO         3980    .ARM.Collect$$rtentry$$00000009  c_w.l(__rtentry2.o)
    0x080001a0   0x080001a0   0x00000004   Code   RO         3981    .ARM.Collect$$rtentry$$0000000A  c_w.l(__rtentry2.o)
    0x080001a4   0x080001a4   0x00000000   Code   RO         3983    .ARM.Collect$$rtentry$$0000000C  c_w.l(__rtentry2.o)
    0x080001a4   0x080001a4   0x00000008   Code   RO         3984    .ARM.Collect$$rtentry$$0000000D  c_w.l(__rtentry2.o)
    0x080001ac   0x080001ac   0x00000002   Code   RO         4101    .ARM.Collect$$rtexit$$00000000  c_w.l(rtexit.o)
    0x080001ae   0x080001ae   0x00000000   Code   RO         4108    .ARM.Collect$$rtexit$$00000002  c_w.l(rtexit2.o)
    0x080001ae   0x080001ae   0x00000004   Code   RO         4109    .ARM.Collect$$rtexit$$00000003  c_w.l(rtexit2.o)
    0x080001b2   0x080001b2   0x00000006   Code   RO         4110    .ARM.Collect$$rtexit$$00000004  c_w.l(rtexit2.o)
    0x080001b8   0x080001b8   0x00000040   Code   RO           20    .text               startup_stm32f10x_md.o
    0x080001f8   0x080001f8   0x00000034   Code   RO         3872    .text               c_w.l(noretval__2snprintf.o)
    0x0800022c   0x0800022c   0x0000004e   Code   RO         3876    .text               c_w.l(_printf_pad.o)
    0x0800027a   0x0800027a   0x00000052   Code   RO         3878    .text               c_w.l(_printf_str.o)
    0x080002cc   0x080002cc   0x00000078   Code   RO         3880    .text               c_w.l(_printf_dec.o)
    0x08000344   0x08000344   0x00000138   Code   RO         3894    .text               c_w.l(__printf_flags_wp.o)
    0x0800047c   0x0800047c   0x0000001a   Code   RO         3906    .text               c_w.l(atoi.o)
    0x08000496   0x08000496   0x00000014   Code   RO         3908    .text               c_w.l(strchr.o)
    0x080004aa   0x080004aa   0x00000024   Code   RO         3910    .text               c_w.l(strstr.o)
    0x080004ce   0x080004ce   0x0000003e   Code   RO         3912    .text               c_w.l(strlen.o)
    0x0800050c   0x0800050c   0x00000064   Code   RO         3914    .text               c_w.l(rt_memcpy_w.o)
    0x08000570   0x08000570   0x00000056   Code   RO         3916    .text               c_w.l(strncpy.o)
    0x080005c6   0x080005c6   0x00000002   PAD
    0x080005c8   0x080005c8   0x00000080   Code   RO         3918    .text               c_w.l(strcmpv7m.o)
    0x08000648   0x08000648   0x00000006   Code   RO         3920    .text               c_w.l(heapauxi.o)
    0x0800064e   0x0800064e   0x00000002   PAD
    0x08000650   0x08000650   0x00000008   Code   RO         3948    .text               c_w.l(rt_errno_addr_intlibspace.o)
    0x08000658   0x08000658   0x000000b2   Code   RO         3950    .text               c_w.l(_printf_intcommon.o)
    0x0800070a   0x0800070a   0x0000041e   Code   RO         3952    .text               c_w.l(_printf_fp_dec.o)
    0x08000b28   0x08000b28   0x00000030   Code   RO         3954    .text               c_w.l(_printf_char_common.o)
    0x08000b58   0x08000b58   0x0000000a   Code   RO         3956    .text               c_w.l(_sputc.o)
    0x08000b62   0x08000b62   0x00000010   Code   RO         3958    .text               c_w.l(_snputc.o)
    0x08000b72   0x08000b72   0x0000002c   Code   RO         3960    .text               c_w.l(_printf_char.o)
    0x08000b9e   0x08000b9e   0x00000070   Code   RO         3963    .text               c_w.l(strtol.o)
    0x08000c0e   0x08000c0e   0x00000044   Code   RO         3965    .text               c_w.l(rt_memclr.o)
    0x08000c52   0x08000c52   0x00000002   PAD
    0x08000c54   0x08000c54   0x00000008   Code   RO         3974    .text               c_w.l(libspace.o)
    0x08000c5c   0x08000c5c   0x00000010   Code   RO         3992    .text               c_w.l(rt_ctype_table.o)
    0x08000c6c   0x08000c6c   0x00000008   Code   RO         3997    .text               c_w.l(rt_locale_intlibspace.o)
    0x08000c74   0x08000c74   0x0000008a   Code   RO         3999    .text               c_w.l(lludiv10.o)
    0x08000cfe   0x08000cfe   0x00000002   PAD
    0x08000d00   0x08000d00   0x00000080   Code   RO         4001    .text               c_w.l(_printf_fp_infnan.o)
    0x08000d80   0x08000d80   0x0000009e   Code   RO         4005    .text               c_w.l(_strtoul.o)
    0x08000e1e   0x08000e1e   0x00000002   PAD
    0x08000e20   0x08000e20   0x000000e4   Code   RO         4007    .text               c_w.l(bigflt0.o)
    0x08000f04   0x08000f04   0x0000004e   Code   RO         4035    .text               c_w.l(rt_memclr_w.o)
    0x08000f52   0x08000f52   0x0000004a   Code   RO         4041    .text               c_w.l(sys_stackheap_outer.o)
    0x08000f9c   0x08000f9c   0x0000001c   Code   RO         4043    .text               c_w.l(_chval.o)
    0x08000fb8   0x08000fb8   0x00000012   Code   RO         4048    .text               c_w.l(exit.o)
    0x08000fca   0x08000fca   0x00000002   PAD
    0x08000fcc   0x08000fcc   0x0000000c   Code   RO         4120    .text               c_w.l(sys_exit.o)
    0x08000fd8   0x08000fd8   0x00000002   Code   RO         4131    .text               c_w.l(use_no_semi.o)
    0x08000fda   0x08000fda   0x00000000   Code   RO         4133    .text               c_w.l(indicate_semi.o)
    0x08000fda   0x08000fda   0x0000003e   Code   RO         4010    CL$$btod_d2e        c_w.l(btod.o)
    0x08001018   0x08001018   0x00000046   Code   RO         4012    CL$$btod_d2e_denorm_low  c_w.l(btod.o)
    0x0800105e   0x0800105e   0x00000060   Code   RO         4011    CL$$btod_d2e_norm_op1  c_w.l(btod.o)
    0x080010be   0x080010be   0x00000338   Code   RO         4020    CL$$btod_div_common  c_w.l(btod.o)
    0x080013f6   0x080013f6   0x000000dc   Code   RO         4017    CL$$btod_e2e        c_w.l(btod.o)
    0x080014d2   0x080014d2   0x0000002a   Code   RO         4014    CL$$btod_ediv       c_w.l(btod.o)
    0x080014fc   0x080014fc   0x0000002a   Code   RO         4013    CL$$btod_emul       c_w.l(btod.o)
    0x08001526   0x08001526   0x00000244   Code   RO         4019    CL$$btod_mult_common  c_w.l(btod.o)
    0x0800176a   0x0800176a   0x00000010   Code   RO          426    i.BKP_DeInit        stm32f10x_bkp.o
    0x0800177a   0x0800177a   0x00000004   Code   RO         3255    i.BusFault_Handler  stm32f10x_it.o
    0x0800177e   0x0800177e   0x00000002   Code   RO         3256    i.DebugMon_Handler  stm32f10x_it.o
    0x08001780   0x08001780   0x00000116   Code   RO         1347    i.GPIO_Init         stm32f10x_gpio.o
    0x08001896   0x08001896   0x00000012   Code   RO         1351    i.GPIO_ReadInputDataBit  stm32f10x_gpio.o
    0x080018a8   0x080018a8   0x00000004   Code   RO         1354    i.GPIO_ResetBits    stm32f10x_gpio.o
    0x080018ac   0x080018ac   0x00000004   Code   RO         1355    i.GPIO_SetBits      stm32f10x_gpio.o
    0x080018b0   0x080018b0   0x00000080   Code   RO         3597    i.Gui_DrawFont_ASCII8x16  gui.o
    0x08001930   0x08001930   0x00000194   Code   RO         3598    i.Gui_DrawFont_GBK16  gui.o
    0x08001ac4   0x08001ac4   0x000001f0   Code   RO         3599    i.Gui_DrawFont_GBK24  gui.o
    0x08001cb4   0x08001cb4   0x00000104   Code   RO         3600    i.Gui_DrawFont_Num24x48  gui.o
    0x08001db8   0x08001db8   0x00000020   Code   RO         3687    i.Gui_DrawPoint     lcd_driver.o
    0x08001dd8   0x08001dd8   0x00000032   Code   RO         3602    i.Gui_DrawString_8x16  gui.o
    0x08001e0a   0x08001e0a   0x0000004c   Code   RO         3605    i.Gui_showimage     gui.o
    0x08001e56   0x08001e56   0x00000004   Code   RO         3257    i.HardFault_Handler  stm32f10x_it.o
    0x08001e5a   0x08001e5a   0x00000002   PAD
    0x08001e5c   0x08001e5c   0x00000054   Code   RO         3688    i.LCD_GPIO_Init     lcd_driver.o
    0x08001eb0   0x08001eb0   0x00000030   Code   RO         3689    i.LCD_WriteData_16Bit  lcd_driver.o
    0x08001ee0   0x08001ee0   0x00000032   Code   RO         3690    i.Lcd_Clear         lcd_driver.o
    0x08001f12   0x08001f12   0x00000222   Code   RO         3691    i.Lcd_Init          lcd_driver.o
    0x08002134   0x08002134   0x00000024   Code   RO         3693    i.Lcd_Reset         lcd_driver.o
    0x08002158   0x08002158   0x00000052   Code   RO         3694    i.Lcd_SetRegion     lcd_driver.o
    0x080021aa   0x080021aa   0x00000002   PAD
    0x080021ac   0x080021ac   0x00000028   Code   RO         3696    i.Lcd_WriteData     lcd_driver.o
    0x080021d4   0x080021d4   0x00000028   Code   RO         3697    i.Lcd_WriteIndex    lcd_driver.o
    0x080021fc   0x080021fc   0x00000004   Code   RO         3258    i.MemManage_Handler  stm32f10x_it.o
    0x08002200   0x08002200   0x00000002   Code   RO         3259    i.NMI_Handler       stm32f10x_it.o
    0x08002202   0x08002202   0x00000002   PAD
    0x08002204   0x08002204   0x00000070   Code   RO          137    i.NVIC_Init         misc.o
    0x08002274   0x08002274   0x0000000c   Code   RO         1710    i.PWR_BackupAccessCmd  stm32f10x_pwr.o
    0x08002280   0x08002280   0x00000002   Code   RO         3260    i.PendSV_Handler    stm32f10x_it.o
    0x08002282   0x08002282   0x00000002   PAD
    0x08002284   0x08002284   0x00000020   Code   RO         1774    i.RCC_AHBPeriphClockCmd  stm32f10x_rcc.o
    0x080022a4   0x080022a4   0x00000020   Code   RO         1775    i.RCC_APB1PeriphClockCmd  stm32f10x_rcc.o
    0x080022c4   0x080022c4   0x00000020   Code   RO         1777    i.RCC_APB2PeriphClockCmd  stm32f10x_rcc.o
    0x080022e4   0x080022e4   0x0000000c   Code   RO         1780    i.RCC_BackupResetCmd  stm32f10x_rcc.o
    0x080022f0   0x080022f0   0x000000d4   Code   RO         1785    i.RCC_GetClocksFreq  stm32f10x_rcc.o
    0x080023c4   0x080023c4   0x0000003c   Code   RO         1786    i.RCC_GetFlagStatus  stm32f10x_rcc.o
    0x08002400   0x08002400   0x00000034   Code   RO         1793    i.RCC_LSEConfig     stm32f10x_rcc.o
    0x08002434   0x08002434   0x0000000c   Code   RO         1800    i.RCC_RTCCLKCmd     stm32f10x_rcc.o
    0x08002440   0x08002440   0x00000010   Code   RO         1801    i.RCC_RTCCLKConfig  stm32f10x_rcc.o
    0x08002450   0x08002450   0x00000014   Code   RO         1978    i.RTC_EnterConfigMode  stm32f10x_rtc.o
    0x08002464   0x08002464   0x00000014   Code   RO         1979    i.RTC_ExitConfigMode  stm32f10x_rtc.o
    0x08002478   0x08002478   0x00000014   Code   RO         1980    i.RTC_GetCounter    stm32f10x_rtc.o
    0x0800248c   0x0800248c   0x0000001c   Code   RO         1986    i.RTC_SetCounter    stm32f10x_rtc.o
    0x080024a8   0x080024a8   0x00000020   Code   RO         1987    i.RTC_SetPrescaler  stm32f10x_rtc.o
    0x080024c8   0x080024c8   0x00000014   Code   RO         1988    i.RTC_WaitForLastTask  stm32f10x_rtc.o
    0x080024dc   0x080024dc   0x00000024   Code   RO         1989    i.RTC_WaitForSynchro  stm32f10x_rtc.o
    0x08002500   0x08002500   0x0000003c   Code   RO         3699    i.SPI_WriteData     lcd_driver.o
    0x0800253c   0x0800253c   0x00000002   Code   RO         3261    i.SVC_Handler       stm32f10x_it.o
    0x0800253e   0x0800253e   0x00000008   Code   RO           24    i.SetSysClock       system_stm32f10x.o
    0x08002546   0x08002546   0x00000002   PAD
    0x08002548   0x08002548   0x000000e0   Code   RO           25    i.SetSysClockTo72   system_stm32f10x.o
    0x08002628   0x08002628   0x00000002   Code   RO         3262    i.SysTick_Handler   stm32f10x_it.o
    0x0800262a   0x0800262a   0x00000002   PAD
    0x0800262c   0x0800262c   0x00000060   Code   RO           27    i.SystemInit        system_stm32f10x.o
    0x0800268c   0x0800268c   0x00000028   Code   RO         3553    i.TIM2_IRQHandler   timer.o
    0x080026b4   0x080026b4   0x00000006   Code   RO         2416    i.TIM_ClearITPendingBit  stm32f10x_tim.o
    0x080026ba   0x080026ba   0x00000018   Code   RO         2421    i.TIM_Cmd           stm32f10x_tim.o
    0x080026d2   0x080026d2   0x00000022   Code   RO         2442    i.TIM_GetITStatus   stm32f10x_tim.o
    0x080026f4   0x080026f4   0x00000012   Code   RO         2446    i.TIM_ITConfig      stm32f10x_tim.o
    0x08002706   0x08002706   0x00000002   PAD
    0x08002708   0x08002708   0x000000a4   Code   RO         2492    i.TIM_TimeBaseInit  stm32f10x_tim.o
    0x080027ac   0x080027ac   0x00000034   Code   RO         3458    i.USART2_IRQHandler  esp_usart.o
    0x080027e0   0x080027e0   0x00000018   Code   RO         2960    i.USART_Cmd         stm32f10x_usart.o
    0x080027f8   0x080027f8   0x0000001a   Code   RO         2963    i.USART_GetFlagStatus  stm32f10x_usart.o
    0x08002812   0x08002812   0x00000054   Code   RO         2964    i.USART_GetITStatus  stm32f10x_usart.o
    0x08002866   0x08002866   0x0000004a   Code   RO         2966    i.USART_ITConfig    stm32f10x_usart.o
    0x080028b0   0x080028b0   0x000000d8   Code   RO         2967    i.USART_Init        stm32f10x_usart.o
    0x08002988   0x08002988   0x0000000a   Code   RO         2974    i.USART_ReceiveData  stm32f10x_usart.o
    0x08002992   0x08002992   0x00000008   Code   RO         2977    i.USART_SendData    stm32f10x_usart.o
    0x0800299a   0x0800299a   0x00000004   Code   RO         3263    i.UsageFault_Handler  stm32f10x_it.o
    0x0800299e   0x0800299e   0x00000028   Code   RO         4039    i.__ARM_fpclassify  m_ws.l(fpclassify.o)
    0x080029c6   0x080029c6   0x0000000e   Code   RO         3892    i._is_digit         c_w.l(__printf_wp.o)
    0x080029d4   0x080029d4   0x00000078   Code   RO         3318    i.board_lowlevel_init  board.o
    0x08002a4c   0x08002a4c   0x00000018   Code   RO         3330    i.delay_ms          delay.o
    0x08002a64   0x08002a64   0x00000040   Code   RO         3331    i.delay_us          delay.o
    0x08002aa4   0x08002aa4   0x00000048   Code   RO         3366    i.esp_at_get_http   esp_at.o
    0x08002aec   0x08002aec   0x00000054   Code   RO         3367    i.esp_at_get_time   esp_at.o
    0x08002b40   0x08002b40   0x00000020   Code   RO         3368    i.esp_at_init       esp_at.o
    0x08002b60   0x08002b60   0x00000070   Code   RO         3369    i.esp_at_reset      esp_at.o
    0x08002bd0   0x08002bd0   0x00000078   Code   RO         3370    i.esp_at_send_command  esp_at.o
    0x08002c48   0x08002c48   0x00000074   Code   RO         3372    i.esp_at_sntp_init  esp_at.o
    0x08002cbc   0x08002cbc   0x00000044   Code   RO         3373    i.esp_at_wifi_connect  esp_at.o
    0x08002d00   0x08002d00   0x00000028   Code   RO         3376    i.esp_at_wifi_init  esp_at.o
    0x08002d28   0x08002d28   0x0000009c   Code   RO         3459    i.esp_usart_init    esp_usart.o
    0x08002dc4   0x08002dc4   0x0000000c   Code   RO         3460    i.esp_usart_receive_register  esp_usart.o
    0x08002dd0   0x08002dd0   0x00000030   Code   RO         3461    i.esp_usart_write_data  esp_usart.o
    0x08002e00   0x08002e00   0x00000016   Code   RO         3462    i.esp_usart_write_string  esp_usart.o
    0x08002e16   0x08002e16   0x0000000a   Code   RO         3814    i.i2c_delay         swi2c.o
    0x08002e20   0x08002e20   0x00000084   Code   RO         3816    i.i2c_read_byte     swi2c.o
    0x08002ea4   0x08002ea4   0x00000030   Code   RO         3817    i.i2c_start         swi2c.o
    0x08002ed4   0x08002ed4   0x0000002c   Code   RO         3818    i.i2c_stop          swi2c.o
    0x08002f00   0x08002f00   0x00000088   Code   RO         3819    i.i2c_write_byte    swi2c.o
    0x08002f88   0x08002f88   0x00000404   Code   RO         3196    i.main              main.o
    0x0800338c   0x0800338c   0x0000003c   Code   RO         3777    i.mpu6050_read_temper  mpu6050.o
    0x080033c8   0x080033c8   0x000000e0   Code   RO         3377    i.on_usart_received  esp_at.o
    0x080034a8   0x080034a8   0x00000016   Code   RO         3498    i.rtc_get_date      rtc.o
    0x080034be   0x080034be   0x00000026   Code   RO         3500    i.rtc_init          rtc.o
    0x080034e4   0x080034e4   0x00000014   Code   RO         3502    i.rtc_set_timestamp  rtc.o
    0x080034f8   0x080034f8   0x00000064   Code   RO         3821    i.swi2c_read        swi2c.o
    0x0800355c   0x0800355c   0x00000024   Code   RO         3197    i.timer_elapsed_callback  main.o
    0x08003580   0x08003580   0x0000000c   Code   RO         3554    i.timer_elapsed_register  timer.o
    0x0800358c   0x0800358c   0x00000050   Code   RO         3555    i.timer_init        timer.o
    0x080035dc   0x080035dc   0x0000000c   Code   RO         3556    i.timer_start       timer.o
    0x080035e8   0x080035e8   0x000000e8   Code   RO         3503    i.ts_to_date        rtc.o
    0x080036d0   0x080036d0   0x000000a0   Code   RO         3348    i.weather_parse     weather.o
    0x08003770   0x08003770   0x00000194   Code   RO         3198    i.wifi_init         main.o
    0x08003904   0x08003904   0x0000002c   Code   RO         4033    locale$$code        c_w.l(lc_numeric_c.o)
    0x08003930   0x08003930   0x0000002c   Code   RO         4046    locale$$code        c_w.l(lc_ctype_c.o)
    0x0800395c   0x0800395c   0x0000000c   Code   RO         3967    x$fpl$dretinf       fz_ws.l(dretinf.o)
    0x08003968   0x08003968   0x00000056   Code   RO         3924    x$fpl$f2d           fz_ws.l(f2d.o)
    0x080039be   0x080039be   0x00000002   PAD
    0x080039c0   0x080039c0   0x000000c4   Code   RO         3926    x$fpl$fadd          fz_ws.l(faddsub_clz.o)
    0x08003a84   0x08003a84   0x00000184   Code   RO         3933    x$fpl$fdiv          fz_ws.l(fdiv.o)
    0x08003c08   0x08003c08   0x00000030   Code   RO         3937    x$fpl$fflt          fz_ws.l(fflt_clz.o)
    0x08003c38   0x08003c38   0x0000008c   Code   RO         3969    x$fpl$fnaninf       fz_ws.l(fnaninf.o)
    0x08003cc4   0x08003cc4   0x0000000a   Code   RO         3971    x$fpl$fretinf       fz_ws.l(fretinf.o)
    0x08003cce   0x08003cce   0x00000002   PAD
    0x08003cd0   0x08003cd0   0x000000ea   Code   RO         3928    x$fpl$fsub          fz_ws.l(faddsub_clz.o)
    0x08003dba   0x08003dba   0x00000004   Code   RO         3942    x$fpl$printf1       fz_ws.l(printf1.o)
    0x08003dbe   0x08003dbe   0x00000000   Code   RO         3973    x$fpl$usenofp       fz_ws.l(usenofp.o)
    0x08003dbe   0x08003dbe   0x00007400   Data   RO         3199    .constdata          main.o
    0x0800b1be   0x0800b1be   0x00000002   PAD
    0x0800b1c0   0x0800b1c0   0x00000030   Data   RO         3504    .constdata          rtc.o
    0x0800b1f0   0x0800b1f0   0x00001078   Data   RO         3607    .constdata          gui.o
    0x0800c268   0x0800c268   0x00000011   Data   RO         3895    .constdata          c_w.l(__printf_flags_wp.o)
    0x0800c279   0x0800c279   0x00000003   PAD
    0x0800c27c   0x0800c27c   0x00000094   Data   RO         4008    .constdata          c_w.l(bigflt0.o)
    0x0800c310   0x0800c310   0x0000007e   Data   RO         3200    .conststring        main.o
    0x0800c38e   0x0800c38e   0x00000002   PAD
    0x0800c390   0x0800c390   0x00000020   Data   RO         4180    Region$$Table       anon$$obj.o
    0x0800c3b0   0x0800c3b0   0x0000001c   Data   RO         4032    locale$$data        c_w.l(lc_numeric_c.o)
    0x0800c3cc   0x0800c3cc   0x00000110   Data   RO         4045    locale$$data        c_w.l(lc_ctype_c.o)


    Execution Region RW_IRAM1 (Exec base: 0x20000000, Load base: 0x0800c4dc, Size: 0x000016b0, Max: 0x00005000, ABSOLUTE)

    Exec Addr    Load Addr    Size         Type   Attr      Idx    E Section Name        Object

    0x20000000   0x0800c4dc   0x00000014   Data   RW           28    .data               system_stm32f10x.o
    0x20000014   0x0800c4f0   0x00000014   Data   RW         1805    .data               stm32f10x_rcc.o
    0x20000028   0x0800c504   0x00000014   Data   RW         3201    .data               main.o
    0x2000003c   0x0800c518   0x00000006   Data   RW         3379    .data               esp_at.o
    0x20000042   0x0800c51e   0x00000002   PAD
    0x20000044   0x0800c520   0x00000004   Data   RW         3463    .data               esp_usart.o
    0x20000048   0x0800c524   0x00000004   Data   RW         3558    .data               timer.o
    0x2000004c        -       0x00001000   Zero   RW         3378    .bss                esp_at.o
    0x2000104c        -       0x00000060   Zero   RW         3975    .bss                c_w.l(libspace.o)
    0x200010ac   0x0800c528   0x00000004   PAD
    0x200010b0        -       0x00000200   Zero   RW           18    HEAP                startup_stm32f10x_md.o
    0x200012b0        -       0x00000400   Zero   RW           17    STACK               startup_stm32f10x_md.o


==============================================================================

Image component sizes


      Code (inc. data)   RO Data    RW Data    ZI Data      Debug   Object Name

       120          0          0          0          0        490   board.o
         0          0          0          0          0       4532   core_cm3.o
        88         10          0          0          0        918   delay.o
       868        246          0          6       4096       6623   esp_at.o
       290         30          0          4          0       3410   esp_usart.o
      1414         32       4216          0          0       6616   gui.o
      1018         48          0          0          0       5642   lcd_driver.o
      1468        336      29822         20          0       3386   main.o
       112         12          0          0          0     204276   misc.o
        60          8          0          0          0        542   mpu6050.o
       312          4         48          0          0       3183   rtc.o
        64         26        236          0       1536        788   startup_stm32f10x_md.o
         0          0          0          0          0       1660   stm32f10x_adc.o
        16          0          0          0          0        449   stm32f10x_bkp.o
       304          0          0          0          0      11804   stm32f10x_gpio.o
        26          0          0          0          0       3758   stm32f10x_it.o
        12          6          0          0          0        478   stm32f10x_pwr.o
       460         64          0         20          0      16070   stm32f10x_rcc.o
       176         34          0          0          0       3291   stm32f10x_rtc.o
       246         42          0          0          0      23658   stm32f10x_tim.o
       442          6          0          0          0      11897   stm32f10x_usart.o
       470         18          0          0          0       3949   swi2c.o
       328         28          0         20          0      45521   system_stm32f10x.o
       144         12          0          4          0       2474   timer.o
       160         28          0          0          0       1496   weather.o

    ----------------------------------------------------------------------
      8612        990      34358         76       5632     366911   Object Totals
         0          0         32          0          0          0   (incl. Generated)
        14          0          4          2          0          0   (incl. Padding)

    ----------------------------------------------------------------------

      Code (inc. data)   RO Data    RW Data    ZI Data      Debug   Library Member Name

         8          0          0          0          0         68   __main.o
       312          4         17          0          0         92   __printf_flags_wp.o
        14          0          0          0          0         68   __printf_wp.o
         0          0          0          0          0          0   __rtentry.o
        12          0          0          0          0          0   __rtentry2.o
         6          0          0          0          0          0   __rtentry4.o
        52          8          0          0          0          0   __scatter.o
        26          0          0          0          0          0   __scatter_copy.o
        28          0          0          0          0          0   __scatter_zi.o
        28          0          0          0          0         68   _chval.o
        44          0          0          0          0        108   _printf_char.o
        48          6          0          0          0         96   _printf_char_common.o
         6          0          0          0          0          0   _printf_d.o
       120         16          0          0          0         92   _printf_dec.o
         6          0          0          0          0          0   _printf_f.o
      1054          0          0          0          0        216   _printf_fp_dec.o
       128         16          0          0          0         84   _printf_fp_infnan.o
       178          0          0          0          0         88   _printf_intcommon.o
        78          0          0          0          0        108   _printf_pad.o
         0          0          0          0          0          0   _printf_percent.o
         4          0          0          0          0          0   _printf_percent_end.o
         6          0          0          0          0          0   _printf_s.o
        82          0          0          0          0         80   _printf_str.o
        16          0          0          0          0         68   _snputc.o
        10          0          0          0          0         68   _sputc.o
       158          0          0          0          0         92   _strtoul.o
        26          0          0          0          0         80   atoi.o
       228          4        148          0          0         96   bigflt0.o
      1936        128          0          0          0        672   btod.o
        18          0          0          0          0         80   exit.o
         6          0          0          0          0        152   heapauxi.o
         0          0          0          0          0          0   indicate_semi.o
        44         10        272          0          0         76   lc_ctype_c.o
        44         10         28          0          0         76   lc_numeric_c.o
         2          0          0          0          0          0   libinit.o
        30          0          0          0          0          0   libinit2.o
         2          0          0          0          0          0   libshutdown.o
         2          0          0          0          0          0   libshutdown2.o
         8          4          0          0         96         68   libspace.o
       138          0          0          0          0         80   lludiv10.o
        52          4          0          0          0         84   noretval__2snprintf.o
        16          4          0          0          0         76   rt_ctype_table.o
         8          4          0          0          0         68   rt_errno_addr_intlibspace.o
         8          4          0          0          0         68   rt_locale_intlibspace.o
        68          0          0          0          0         68   rt_memclr.o
        78          0          0          0          0         80   rt_memclr_w.o
       100          0          0          0          0         80   rt_memcpy_w.o
         2          0          0          0          0          0   rtexit.o
        10          0          0          0          0          0   rtexit2.o
        20          0          0          0          0         68   strchr.o
       128          0          0          0          0         68   strcmpv7m.o
        62          0          0          0          0         76   strlen.o
        86          0          0          0          0         76   strncpy.o
        36          0          0          0          0         80   strstr.o
       112          0          0          0          0         88   strtol.o
        12          4          0          0          0         68   sys_exit.o
        74          0          0          0          0         80   sys_stackheap_outer.o
         2          0          0          0          0         68   use_no_semi.o
        12          0          0          0          0         68   dretinf.o
        86          4          0          0          0         84   f2d.o
       430          8          0          0          0        168   faddsub_clz.o
       388         76          0          0          0         96   fdiv.o
        48          0          0          0          0         68   fflt_clz.o
       140          4          0          0          0         84   fnaninf.o
        10          0          0          0          0         68   fretinf.o
         4          0          0          0          0         68   printf1.o
         0          0          0          0          0          0   usenofp.o
        40          0          0          0          0         68   fpclassify.o

    ----------------------------------------------------------------------
      6958        318        468          0        100       4744   Library Totals
        18          0          3          0          4          0   (incl. Padding)

    ----------------------------------------------------------------------

      Code (inc. data)   RO Data    RW Data    ZI Data      Debug   Library Name

      5782        226        465          0         96       3972   c_w.l
      1118         92          0          0          0        704   fz_ws.l
        40          0          0          0          0         68   m_ws.l

    ----------------------------------------------------------------------
      6958        318        468          0        100       4744   Library Totals

    ----------------------------------------------------------------------

==============================================================================


      Code (inc. data)   RO Data    RW Data    ZI Data      Debug   

     15570       1308      34826         76       5732     363955   Grand Totals
     15570       1308      34826         76       5732     363955   ELF Image Totals
     15570       1308      34826         76          0          0   ROM Totals

==============================================================================

    Total RO  Size (Code + RO Data)                50396 (  49.21kB)
    Total RW  Size (RW Data + ZI Data)              5808 (   5.67kB)
    Total ROM Size (Code + RO Data + RW Data)      50472 (  49.29kB)

==============================================================================

